train/img/top_mosaic_09cm_area01.tif	train/label/top_mosaic_09cm_area01.png
train/img/top_mosaic_09cm_area03.tif	train/label/top_mosaic_09cm_area03.png
train/img/top_mosaic_09cm_area05.tif	train/label/top_mosaic_09cm_area05.png
train/img/top_mosaic_09cm_area07.tif	train/label/top_mosaic_09cm_area07.png
train/img/top_mosaic_09cm_area11.tif	train/label/top_mosaic_09cm_area11.png
train/img/top_mosaic_09cm_area13.tif	train/label/top_mosaic_09cm_area13.png
train/img/top_mosaic_09cm_area15.tif	train/label/top_mosaic_09cm_area15.png
train/img/top_mosaic_09cm_area17.tif	train/label/top_mosaic_09cm_area17.png
train/img/top_mosaic_09cm_area21.tif	train/label/top_mosaic_09cm_area21.png
train/img/top_mosaic_09cm_area23.tif	train/label/top_mosaic_09cm_area23.png
train/img/top_mosaic_09cm_area26.tif	train/label/top_mosaic_09cm_area26.png
train/img/top_mosaic_09cm_area28.tif	train/label/top_mosaic_09cm_area28.png
train/img/top_mosaic_09cm_area30.tif	train/label/top_mosaic_09cm_area30.png
train/img/top_mosaic_09cm_area32.tif	train/label/top_mosaic_09cm_area32.png
train/img/top_mosaic_09cm_area34.tif	train/label/top_mosaic_09cm_area34.png
train/img/top_mosaic_09cm_area37.tif	train/label/top_mosaic_09cm_area37.png