valid/img/top_mosaic_09cm_area16.tif	valid/label/top_mosaic_09cm_area16.tif
valid/img/top_mosaic_09cm_area20.tif	valid/label/top_mosaic_09cm_area20.tif
valid/img/top_mosaic_09cm_area22.tif	valid/label/top_mosaic_09cm_area22.tif
valid/img/top_mosaic_09cm_area24.tif	valid/label/top_mosaic_09cm_area24.tif
valid/img/top_mosaic_09cm_area27.tif	valid/label/top_mosaic_09cm_area27.tif
valid/img/top_mosaic_09cm_area29.tif	valid/label/top_mosaic_09cm_area29.tif
valid/img/top_mosaic_09cm_area31.tif	valid/label/top_mosaic_09cm_area31.tif
valid/img/top_mosaic_09cm_area33.tif	valid/label/top_mosaic_09cm_area33.tif
valid/img/top_mosaic_09cm_area35.tif	valid/label/top_mosaic_09cm_area35.tif
valid/img/top_mosaic_09cm_area38.tif	valid/label/top_mosaic_09cm_area38.tif
valid/img/top_mosaic_09cm_area2.tif	valid/label/top_mosaic_09cm_area2.tif
valid/img/top_mosaic_09cm_area4.tif	valid/label/top_mosaic_09cm_area4.tif
valid/img/top_mosaic_09cm_area6.tif	valid/label/top_mosaic_09cm_area6.tif
valid/img/top_mosaic_09cm_area8.tif	valid/label/top_mosaic_09cm_area8.tif