train/img/P0000.png	train/visualize_gt/P0000_instance_color_RGB.png
train/img/P0001.png	train/visualize_gt/P0001_instance_color_RGB.png
train/img/P0002.png	train/visualize_gt/P0002_instance_color_RGB.png
train/img/P0005.png	train/visualize_gt/P0005_instance_color_RGB.png
train/img/P0008.png	train/visualize_gt/P0008_instance_color_RGB.png
train/img/P0010.png	train/visualize_gt/P0010_instance_color_RGB.png
train/img/P0011.png	train/visualize_gt/P0011_instance_color_RGB.png
train/img/P0012.png	train/visualize_gt/P0012_instance_color_RGB.png
train/img/P0013.png	train/visualize_gt/P0013_instance_color_RGB.png
train/img/P0018.png	train/visualize_gt/P0018_instance_color_RGB.png
train/img/P0020.png	train/visualize_gt/P0020_instance_color_RGB.png
train/img/P0021.png	train/visualize_gt/P0021_instance_color_RGB.png
train/img/P0022.png	train/visualize_gt/P0022_instance_color_RGB.png
train/img/P0023.png	train/visualize_gt/P0023_instance_color_RGB.png
train/img/P0025.png	train/visualize_gt/P0025_instance_color_RGB.png
train/img/P0029.png	train/visualize_gt/P0029_instance_color_RGB.png
train/img/P0030.png	train/visualize_gt/P0030_instance_color_RGB.png
train/img/P0032.png	train/visualize_gt/P0032_instance_color_RGB.png
train/img/P0036.png	train/visualize_gt/P0036_instance_color_RGB.png
train/img/P0038.png	train/visualize_gt/P0038_instance_color_RGB.png
train/img/P0039.png	train/visualize_gt/P0039_instance_color_RGB.png
train/img/P0041.png	train/visualize_gt/P0041_instance_color_RGB.png
train/img/P0042.png	train/visualize_gt/P0042_instance_color_RGB.png
train/img/P0044.png	train/visualize_gt/P0044_instance_color_RGB.png
train/img/P0049.png	train/visualize_gt/P0049_instance_color_RGB.png
train/img/P0050.png	train/visualize_gt/P0050_instance_color_RGB.png
train/img/P0052.png	train/visualize_gt/P0052_instance_color_RGB.png
train/img/P0054.png	train/visualize_gt/P0054_instance_color_RGB.png
train/img/P0058.png	train/visualize_gt/P0058_instance_color_RGB.png
train/img/P0061.png	train/visualize_gt/P0061_instance_color_RGB.png
train/img/P0063.png	train/visualize_gt/P0063_instance_color_RGB.png
train/img/P0064.png	train/visualize_gt/P0064_instance_color_RGB.png
train/img/P0065.png	train/visualize_gt/P0065_instance_color_RGB.png
train/img/P0066.png	train/visualize_gt/P0066_instance_color_RGB.png
train/img/P0067.png	train/visualize_gt/P0067_instance_color_RGB.png
train/img/P0068.png	train/visualize_gt/P0068_instance_color_RGB.png
train/img/P0070.png	train/visualize_gt/P0070_instance_color_RGB.png
train/img/P0071.png	train/visualize_gt/P0071_instance_color_RGB.png
train/img/P0074.png	train/visualize_gt/P0074_instance_color_RGB.png
train/img/P0076.png	train/visualize_gt/P0076_instance_color_RGB.png
train/img/P0078.png	train/visualize_gt/P0078_instance_color_RGB.png
train/img/P0082.png	train/visualize_gt/P0082_instance_color_RGB.png
train/img/P0083.png	train/visualize_gt/P0083_instance_color_RGB.png
train/img/P0085.png	train/visualize_gt/P0085_instance_color_RGB.png
train/img/P0087.png	train/visualize_gt/P0087_instance_color_RGB.png
train/img/P0091.png	train/visualize_gt/P0091_instance_color_RGB.png
train/img/P0093.png	train/visualize_gt/P0093_instance_color_RGB.png
train/img/P0094.png	train/visualize_gt/P0094_instance_color_RGB.png
train/img/P0095.png	train/visualize_gt/P0095_instance_color_RGB.png
train/img/P0096.png	train/visualize_gt/P0096_instance_color_RGB.png
train/img/P0098.png	train/visualize_gt/P0098_instance_color_RGB.png
train/img/P0099.png	train/visualize_gt/P0099_instance_color_RGB.png
train/img/P0100.png	train/visualize_gt/P0100_instance_color_RGB.png
train/img/P0103.png	train/visualize_gt/P0103_instance_color_RGB.png
train/img/P0109.png	train/visualize_gt/P0109_instance_color_RGB.png
train/img/P0111.png	train/visualize_gt/P0111_instance_color_RGB.png
train/img/P0113.png	train/visualize_gt/P0113_instance_color_RGB.png
train/img/P0116.png	train/visualize_gt/P0116_instance_color_RGB.png
train/img/P0119.png	train/visualize_gt/P0119_instance_color_RGB.png
train/img/P0122.png	train/visualize_gt/P0122_instance_color_RGB.png
train/img/P0124.png	train/visualize_gt/P0124_instance_color_RGB.png
train/img/P0126.png	train/visualize_gt/P0126_instance_color_RGB.png
train/img/P0129.png	train/visualize_gt/P0129_instance_color_RGB.png
train/img/P0133.png	train/visualize_gt/P0133_instance_color_RGB.png
train/img/P0136.png	train/visualize_gt/P0136_instance_color_RGB.png
train/img/P0139.png	train/visualize_gt/P0139_instance_color_RGB.png
train/img/P0140.png	train/visualize_gt/P0140_instance_color_RGB.png
train/img/P0141.png	train/visualize_gt/P0141_instance_color_RGB.png
train/img/P0142.png	train/visualize_gt/P0142_instance_color_RGB.png
train/img/P0144.png	train/visualize_gt/P0144_instance_color_RGB.png
train/img/P0147.png	train/visualize_gt/P0147_instance_color_RGB.png
train/img/P0149.png	train/visualize_gt/P0149_instance_color_RGB.png
train/img/P0151.png	train/visualize_gt/P0151_instance_color_RGB.png
train/img/P0152.png	train/visualize_gt/P0152_instance_color_RGB.png
train/img/P0158.png	train/visualize_gt/P0158_instance_color_RGB.png
train/img/P0159.png	train/visualize_gt/P0159_instance_color_RGB.png
train/img/P0160.png	train/visualize_gt/P0160_instance_color_RGB.png
train/img/P0162.png	train/visualize_gt/P0162_instance_color_RGB.png
train/img/P0163.png	train/visualize_gt/P0163_instance_color_RGB.png
train/img/P0164.png	train/visualize_gt/P0164_instance_color_RGB.png
train/img/P0167.png	train/visualize_gt/P0167_instance_color_RGB.png
train/img/P0169.png	train/visualize_gt/P0169_instance_color_RGB.png
train/img/P0171.png	train/visualize_gt/P0171_instance_color_RGB.png
train/img/P0172.png	train/visualize_gt/P0172_instance_color_RGB.png
train/img/P0174.png	train/visualize_gt/P0174_instance_color_RGB.png
train/img/P0176.png	train/visualize_gt/P0176_instance_color_RGB.png
train/img/P0178.png	train/visualize_gt/P0178_instance_color_RGB.png
train/img/P0183.png	train/visualize_gt/P0183_instance_color_RGB.png
train/img/P0187.png	train/visualize_gt/P0187_instance_color_RGB.png
train/img/P0188.png	train/visualize_gt/P0188_instance_color_RGB.png
train/img/P0190.png	train/visualize_gt/P0190_instance_color_RGB.png
train/img/P0200.png	train/visualize_gt/P0200_instance_color_RGB.png
train/img/P0201.png	train/visualize_gt/P0201_instance_color_RGB.png
train/img/P0202.png	train/visualize_gt/P0202_instance_color_RGB.png
train/img/P0203.png	train/visualize_gt/P0203_instance_color_RGB.png
train/img/P0204.png	train/visualize_gt/P0204_instance_color_RGB.png
train/img/P0207.png	train/visualize_gt/P0207_instance_color_RGB.png
train/img/P0209.png	train/visualize_gt/P0209_instance_color_RGB.png
train/img/P0210.png	train/visualize_gt/P0210_instance_color_RGB.png
train/img/P0212.png	train/visualize_gt/P0212_instance_color_RGB.png
train/img/P0215.png	train/visualize_gt/P0215_instance_color_RGB.png
train/img/P0218.png	train/visualize_gt/P0218_instance_color_RGB.png
train/img/P0219.png	train/visualize_gt/P0219_instance_color_RGB.png
train/img/P0220.png	train/visualize_gt/P0220_instance_color_RGB.png
train/img/P0221.png	train/visualize_gt/P0221_instance_color_RGB.png
train/img/P0222.png	train/visualize_gt/P0222_instance_color_RGB.png
train/img/P0223.png	train/visualize_gt/P0223_instance_color_RGB.png
train/img/P0224.png	train/visualize_gt/P0224_instance_color_RGB.png
train/img/P0225.png	train/visualize_gt/P0225_instance_color_RGB.png
train/img/P0226.png	train/visualize_gt/P0226_instance_color_RGB.png
train/img/P0227.png	train/visualize_gt/P0227_instance_color_RGB.png
train/img/P0229.png	train/visualize_gt/P0229_instance_color_RGB.png
train/img/P0232.png	train/visualize_gt/P0232_instance_color_RGB.png
train/img/P0233.png	train/visualize_gt/P0233_instance_color_RGB.png
train/img/P0235.png	train/visualize_gt/P0235_instance_color_RGB.png
train/img/P0236.png	train/visualize_gt/P0236_instance_color_RGB.png
train/img/P0238.png	train/visualize_gt/P0238_instance_color_RGB.png
train/img/P0241.png	train/visualize_gt/P0241_instance_color_RGB.png
train/img/P0244.png	train/visualize_gt/P0244_instance_color_RGB.png
train/img/P0248.png	train/visualize_gt/P0248_instance_color_RGB.png
train/img/P0250.png	train/visualize_gt/P0250_instance_color_RGB.png
train/img/P0251.png	train/visualize_gt/P0251_instance_color_RGB.png
train/img/P0252.png	train/visualize_gt/P0252_instance_color_RGB.png
train/img/P0254.png	train/visualize_gt/P0254_instance_color_RGB.png
train/img/P0255.png	train/visualize_gt/P0255_instance_color_RGB.png
train/img/P0256.png	train/visualize_gt/P0256_instance_color_RGB.png
train/img/P0258.png	train/visualize_gt/P0258_instance_color_RGB.png
train/img/P0260.png	train/visualize_gt/P0260_instance_color_RGB.png
train/img/P0263.png	train/visualize_gt/P0263_instance_color_RGB.png
train/img/P0264.png	train/visualize_gt/P0264_instance_color_RGB.png
train/img/P0270.png	train/visualize_gt/P0270_instance_color_RGB.png
train/img/P0272.png	train/visualize_gt/P0272_instance_color_RGB.png
train/img/P0273.png	train/visualize_gt/P0273_instance_color_RGB.png
train/img/P0275.png	train/visualize_gt/P0275_instance_color_RGB.png
train/img/P0276.png	train/visualize_gt/P0276_instance_color_RGB.png
train/img/P0280.png	train/visualize_gt/P0280_instance_color_RGB.png
train/img/P0281.png	train/visualize_gt/P0281_instance_color_RGB.png
train/img/P0282.png	train/visualize_gt/P0282_instance_color_RGB.png
train/img/P0283.png	train/visualize_gt/P0283_instance_color_RGB.png
train/img/P0285.png	train/visualize_gt/P0285_instance_color_RGB.png
train/img/P0286.png	train/visualize_gt/P0286_instance_color_RGB.png
train/img/P0288.png	train/visualize_gt/P0288_instance_color_RGB.png
train/img/P0289.png	train/visualize_gt/P0289_instance_color_RGB.png
train/img/P0292.png	train/visualize_gt/P0292_instance_color_RGB.png
train/img/P0293.png	train/visualize_gt/P0293_instance_color_RGB.png
train/img/P0294.png	train/visualize_gt/P0294_instance_color_RGB.png
train/img/P0296.png	train/visualize_gt/P0296_instance_color_RGB.png
train/img/P0299.png	train/visualize_gt/P0299_instance_color_RGB.png
train/img/P0301.png	train/visualize_gt/P0301_instance_color_RGB.png
train/img/P0303.png	train/visualize_gt/P0303_instance_color_RGB.png
train/img/P0308.png	train/visualize_gt/P0308_instance_color_RGB.png
train/img/P0310.png	train/visualize_gt/P0310_instance_color_RGB.png
train/img/P0313.png	train/visualize_gt/P0313_instance_color_RGB.png
train/img/P0314.png	train/visualize_gt/P0314_instance_color_RGB.png
train/img/P0315.png	train/visualize_gt/P0315_instance_color_RGB.png
train/img/P0317.png	train/visualize_gt/P0317_instance_color_RGB.png
train/img/P0321.png	train/visualize_gt/P0321_instance_color_RGB.png
train/img/P0322.png	train/visualize_gt/P0322_instance_color_RGB.png
train/img/P0324.png	train/visualize_gt/P0324_instance_color_RGB.png
train/img/P0327.png	train/visualize_gt/P0327_instance_color_RGB.png
train/img/P0330.png	train/visualize_gt/P0330_instance_color_RGB.png
train/img/P0332.png	train/visualize_gt/P0332_instance_color_RGB.png
train/img/P0334.png	train/visualize_gt/P0334_instance_color_RGB.png
train/img/P0335.png	train/visualize_gt/P0335_instance_color_RGB.png
train/img/P0337.png	train/visualize_gt/P0337_instance_color_RGB.png
train/img/P0338.png	train/visualize_gt/P0338_instance_color_RGB.png
train/img/P0339.png	train/visualize_gt/P0339_instance_color_RGB.png
train/img/P0340.png	train/visualize_gt/P0340_instance_color_RGB.png
train/img/P0343.png	train/visualize_gt/P0343_instance_color_RGB.png
train/img/P0344.png	train/visualize_gt/P0344_instance_color_RGB.png
train/img/P0345.png	train/visualize_gt/P0345_instance_color_RGB.png
train/img/P0346.png	train/visualize_gt/P0346_instance_color_RGB.png
train/img/P0349.png	train/visualize_gt/P0349_instance_color_RGB.png
train/img/P0350.png	train/visualize_gt/P0350_instance_color_RGB.png
train/img/P0355.png	train/visualize_gt/P0355_instance_color_RGB.png
train/img/P0357.png	train/visualize_gt/P0357_instance_color_RGB.png