train/img/P0000.png	train/label/P0000_instance_color_RGB.png
train/img/P0001.png	train/label/P0001_instance_color_RGB.png
train/img/P0002.png	train/label/P0002_instance_color_RGB.png
train/img/P0005.png	train/label/P0005_instance_color_RGB.png
train/img/P0008.png	train/label/P0008_instance_color_RGB.png
train/img/P0010.png	train/label/P0010_instance_color_RGB.png
train/img/P0011.png	train/label/P0011_instance_color_RGB.png
train/img/P0012.png	train/label/P0012_instance_color_RGB.png
train/img/P0013.png	train/label/P0013_instance_color_RGB.png
train/img/P0018.png	train/label/P0018_instance_color_RGB.png
train/img/P0020.png	train/label/P0020_instance_color_RGB.png
train/img/P0021.png	train/label/P0021_instance_color_RGB.png
train/img/P0022.png	train/label/P0022_instance_color_RGB.png
train/img/P0023.png	train/label/P0023_instance_color_RGB.png
train/img/P0025.png	train/label/P0025_instance_color_RGB.png
train/img/P0029.png	train/label/P0029_instance_color_RGB.png
train/img/P0030.png	train/label/P0030_instance_color_RGB.png
train/img/P0032.png	train/label/P0032_instance_color_RGB.png
train/img/P0036.png	train/label/P0036_instance_color_RGB.png
train/img/P0038.png	train/label/P0038_instance_color_RGB.png
train/img/P0039.png	train/label/P0039_instance_color_RGB.png
train/img/P0041.png	train/label/P0041_instance_color_RGB.png
train/img/P0042.png	train/label/P0042_instance_color_RGB.png
train/img/P0044.png	train/label/P0044_instance_color_RGB.png
train/img/P0049.png	train/label/P0049_instance_color_RGB.png
train/img/P0050.png	train/label/P0050_instance_color_RGB.png
train/img/P0052.png	train/label/P0052_instance_color_RGB.png
train/img/P0054.png	train/label/P0054_instance_color_RGB.png
train/img/P0058.png	train/label/P0058_instance_color_RGB.png
train/img/P0061.png	train/label/P0061_instance_color_RGB.png
train/img/P0063.png	train/label/P0063_instance_color_RGB.png
train/img/P0064.png	train/label/P0064_instance_color_RGB.png
train/img/P0065.png	train/label/P0065_instance_color_RGB.png
train/img/P0066.png	train/label/P0066_instance_color_RGB.png
train/img/P0067.png	train/label/P0067_instance_color_RGB.png
train/img/P0068.png	train/label/P0068_instance_color_RGB.png
train/img/P0070.png	train/label/P0070_instance_color_RGB.png
train/img/P0071.png	train/label/P0071_instance_color_RGB.png
train/img/P0074.png	train/label/P0074_instance_color_RGB.png
train/img/P0076.png	train/label/P0076_instance_color_RGB.png
train/img/P0078.png	train/label/P0078_instance_color_RGB.png
train/img/P0082.png	train/label/P0082_instance_color_RGB.png
train/img/P0083.png	train/label/P0083_instance_color_RGB.png
train/img/P0085.png	train/label/P0085_instance_color_RGB.png
train/img/P0087.png	train/label/P0087_instance_color_RGB.png
train/img/P0091.png	train/label/P0091_instance_color_RGB.png
train/img/P0093.png	train/label/P0093_instance_color_RGB.png
train/img/P0094.png	train/label/P0094_instance_color_RGB.png
train/img/P0095.png	train/label/P0095_instance_color_RGB.png
train/img/P0096.png	train/label/P0096_instance_color_RGB.png
train/img/P0098.png	train/label/P0098_instance_color_RGB.png
train/img/P0099.png	train/label/P0099_instance_color_RGB.png
train/img/P0100.png	train/label/P0100_instance_color_RGB.png
train/img/P0103.png	train/label/P0103_instance_color_RGB.png
train/img/P0109.png	train/label/P0109_instance_color_RGB.png
train/img/P0111.png	train/label/P0111_instance_color_RGB.png
train/img/P0113.png	train/label/P0113_instance_color_RGB.png
train/img/P0116.png	train/label/P0116_instance_color_RGB.png
train/img/P0119.png	train/label/P0119_instance_color_RGB.png
train/img/P0122.png	train/label/P0122_instance_color_RGB.png
train/img/P0124.png	train/label/P0124_instance_color_RGB.png
train/img/P0126.png	train/label/P0126_instance_color_RGB.png
train/img/P0129.png	train/label/P0129_instance_color_RGB.png
train/img/P0133.png	train/label/P0133_instance_color_RGB.png
train/img/P0136.png	train/label/P0136_instance_color_RGB.png
train/img/P0139.png	train/label/P0139_instance_color_RGB.png
train/img/P0140.png	train/label/P0140_instance_color_RGB.png
train/img/P0141.png	train/label/P0141_instance_color_RGB.png
train/img/P0142.png	train/label/P0142_instance_color_RGB.png
train/img/P0144.png	train/label/P0144_instance_color_RGB.png
train/img/P0147.png	train/label/P0147_instance_color_RGB.png
train/img/P0149.png	train/label/P0149_instance_color_RGB.png
train/img/P0151.png	train/label/P0151_instance_color_RGB.png
train/img/P0152.png	train/label/P0152_instance_color_RGB.png
train/img/P0158.png	train/label/P0158_instance_color_RGB.png
train/img/P0159.png	train/label/P0159_instance_color_RGB.png
train/img/P0160.png	train/label/P0160_instance_color_RGB.png
train/img/P0162.png	train/label/P0162_instance_color_RGB.png
train/img/P0163.png	train/label/P0163_instance_color_RGB.png
train/img/P0164.png	train/label/P0164_instance_color_RGB.png
train/img/P0167.png	train/label/P0167_instance_color_RGB.png
train/img/P0169.png	train/label/P0169_instance_color_RGB.png
train/img/P0171.png	train/label/P0171_instance_color_RGB.png
train/img/P0172.png	train/label/P0172_instance_color_RGB.png
train/img/P0174.png	train/label/P0174_instance_color_RGB.png
train/img/P0176.png	train/label/P0176_instance_color_RGB.png
train/img/P0178.png	train/label/P0178_instance_color_RGB.png
train/img/P0183.png	train/label/P0183_instance_color_RGB.png
train/img/P0187.png	train/label/P0187_instance_color_RGB.png
train/img/P0188.png	train/label/P0188_instance_color_RGB.png
train/img/P0190.png	train/label/P0190_instance_color_RGB.png
train/img/P0200.png	train/label/P0200_instance_color_RGB.png
train/img/P0201.png	train/label/P0201_instance_color_RGB.png
train/img/P0202.png	train/label/P0202_instance_color_RGB.png
train/img/P0203.png	train/label/P0203_instance_color_RGB.png
train/img/P0204.png	train/label/P0204_instance_color_RGB.png
train/img/P0207.png	train/label/P0207_instance_color_RGB.png
train/img/P0209.png	train/label/P0209_instance_color_RGB.png
train/img/P0210.png	train/label/P0210_instance_color_RGB.png
train/img/P0212.png	train/label/P0212_instance_color_RGB.png
train/img/P0215.png	train/label/P0215_instance_color_RGB.png
train/img/P0218.png	train/label/P0218_instance_color_RGB.png
train/img/P0219.png	train/label/P0219_instance_color_RGB.png
train/img/P0220.png	train/label/P0220_instance_color_RGB.png
train/img/P0221.png	train/label/P0221_instance_color_RGB.png
train/img/P0222.png	train/label/P0222_instance_color_RGB.png
train/img/P0223.png	train/label/P0223_instance_color_RGB.png
train/img/P0224.png	train/label/P0224_instance_color_RGB.png
train/img/P0225.png	train/label/P0225_instance_color_RGB.png
train/img/P0226.png	train/label/P0226_instance_color_RGB.png
train/img/P0227.png	train/label/P0227_instance_color_RGB.png
train/img/P0229.png	train/label/P0229_instance_color_RGB.png
train/img/P0232.png	train/label/P0232_instance_color_RGB.png
train/img/P0233.png	train/label/P0233_instance_color_RGB.png
train/img/P0235.png	train/label/P0235_instance_color_RGB.png
train/img/P0236.png	train/label/P0236_instance_color_RGB.png
train/img/P0238.png	train/label/P0238_instance_color_RGB.png
train/img/P0241.png	train/label/P0241_instance_color_RGB.png
train/img/P0244.png	train/label/P0244_instance_color_RGB.png
train/img/P0248.png	train/label/P0248_instance_color_RGB.png
train/img/P0250.png	train/label/P0250_instance_color_RGB.png
train/img/P0251.png	train/label/P0251_instance_color_RGB.png
train/img/P0252.png	train/label/P0252_instance_color_RGB.png
train/img/P0254.png	train/label/P0254_instance_color_RGB.png
train/img/P0255.png	train/label/P0255_instance_color_RGB.png
train/img/P0256.png	train/label/P0256_instance_color_RGB.png
train/img/P0258.png	train/label/P0258_instance_color_RGB.png
train/img/P0260.png	train/label/P0260_instance_color_RGB.png
train/img/P0263.png	train/label/P0263_instance_color_RGB.png
train/img/P0264.png	train/label/P0264_instance_color_RGB.png
train/img/P0270.png	train/label/P0270_instance_color_RGB.png
train/img/P0272.png	train/label/P0272_instance_color_RGB.png
train/img/P0273.png	train/label/P0273_instance_color_RGB.png
train/img/P0275.png	train/label/P0275_instance_color_RGB.png
train/img/P0276.png	train/label/P0276_instance_color_RGB.png
train/img/P0280.png	train/label/P0280_instance_color_RGB.png
train/img/P0281.png	train/label/P0281_instance_color_RGB.png
train/img/P0282.png	train/label/P0282_instance_color_RGB.png
train/img/P0283.png	train/label/P0283_instance_color_RGB.png
train/img/P0285.png	train/label/P0285_instance_color_RGB.png
train/img/P0286.png	train/label/P0286_instance_color_RGB.png
train/img/P0288.png	train/label/P0288_instance_color_RGB.png
train/img/P0289.png	train/label/P0289_instance_color_RGB.png
train/img/P0292.png	train/label/P0292_instance_color_RGB.png
train/img/P0293.png	train/label/P0293_instance_color_RGB.png
train/img/P0294.png	train/label/P0294_instance_color_RGB.png
train/img/P0296.png	train/label/P0296_instance_color_RGB.png
train/img/P0299.png	train/label/P0299_instance_color_RGB.png
train/img/P0301.png	train/label/P0301_instance_color_RGB.png
train/img/P0303.png	train/label/P0303_instance_color_RGB.png
train/img/P0308.png	train/label/P0308_instance_color_RGB.png
train/img/P0310.png	train/label/P0310_instance_color_RGB.png
train/img/P0313.png	train/label/P0313_instance_color_RGB.png
train/img/P0314.png	train/label/P0314_instance_color_RGB.png
train/img/P0315.png	train/label/P0315_instance_color_RGB.png
train/img/P0317.png	train/label/P0317_instance_color_RGB.png
train/img/P0321.png	train/label/P0321_instance_color_RGB.png
train/img/P0322.png	train/label/P0322_instance_color_RGB.png
train/img/P0324.png	train/label/P0324_instance_color_RGB.png
train/img/P0327.png	train/label/P0327_instance_color_RGB.png
train/img/P0330.png	train/label/P0330_instance_color_RGB.png
train/img/P0332.png	train/label/P0332_instance_color_RGB.png
train/img/P0334.png	train/label/P0334_instance_color_RGB.png
train/img/P0335.png	train/label/P0335_instance_color_RGB.png
train/img/P0337.png	train/label/P0337_instance_color_RGB.png
train/img/P0338.png	train/label/P0338_instance_color_RGB.png
train/img/P0339.png	train/label/P0339_instance_color_RGB.png
train/img/P0340.png	train/label/P0340_instance_color_RGB.png
train/img/P0343.png	train/label/P0343_instance_color_RGB.png
train/img/P0344.png	train/label/P0344_instance_color_RGB.png
train/img/P0345.png	train/label/P0345_instance_color_RGB.png
train/img/P0346.png	train/label/P0346_instance_color_RGB.png
train/img/P0349.png	train/label/P0349_instance_color_RGB.png
train/img/P0350.png	train/label/P0350_instance_color_RGB.png
train/img/P0355.png	train/label/P0355_instance_color_RGB.png
train/img/P0357.png	train/label/P0357_instance_color_RGB.png
train/img/P0358.png	train/label/P0358_instance_color_RGB.png
train/img/P0360.png	train/label/P0360_instance_color_RGB.png
train/img/P0361.png	train/label/P0361_instance_color_RGB.png
train/img/P0362.png	train/label/P0362_instance_color_RGB.png
train/img/P0363.png	train/label/P0363_instance_color_RGB.png
train/img/P0364.png	train/label/P0364_instance_color_RGB.png
train/img/P0365.png	train/label/P0365_instance_color_RGB.png
train/img/P0366.png	train/label/P0366_instance_color_RGB.png
train/img/P0367.png	train/label/P0367_instance_color_RGB.png
train/img/P0370.png	train/label/P0370_instance_color_RGB.png
train/img/P0371.png	train/label/P0371_instance_color_RGB.png
train/img/P0373.png	train/label/P0373_instance_color_RGB.png
train/img/P0376.png	train/label/P0376_instance_color_RGB.png
train/img/P0378.png	train/label/P0378_instance_color_RGB.png
train/img/P0379.png	train/label/P0379_instance_color_RGB.png
train/img/P0380.png	train/label/P0380_instance_color_RGB.png
train/img/P0381.png	train/label/P0381_instance_color_RGB.png
train/img/P0383.png	train/label/P0383_instance_color_RGB.png
train/img/P0384.png	train/label/P0384_instance_color_RGB.png
train/img/P0386.png	train/label/P0386_instance_color_RGB.png
train/img/P0387.png	train/label/P0387_instance_color_RGB.png
train/img/P0388.png	train/label/P0388_instance_color_RGB.png
train/img/P0389.png	train/label/P0389_instance_color_RGB.png
train/img/P0391.png	train/label/P0391_instance_color_RGB.png
train/img/P0392.png	train/label/P0392_instance_color_RGB.png
train/img/P0393.png	train/label/P0393_instance_color_RGB.png
train/img/P0395.png	train/label/P0395_instance_color_RGB.png
train/img/P0400.png	train/label/P0400_instance_color_RGB.png
train/img/P0401.png	train/label/P0401_instance_color_RGB.png
train/img/P0404.png	train/label/P0404_instance_color_RGB.png
train/img/P0405.png	train/label/P0405_instance_color_RGB.png
train/img/P0406.png	train/label/P0406_instance_color_RGB.png
train/img/P0407.png	train/label/P0407_instance_color_RGB.png
train/img/P0413.png	train/label/P0413_instance_color_RGB.png
train/img/P0415.png	train/label/P0415_instance_color_RGB.png
train/img/P0416.png	train/label/P0416_instance_color_RGB.png
train/img/P0417.png	train/label/P0417_instance_color_RGB.png
train/img/P0418.png	train/label/P0418_instance_color_RGB.png
train/img/P0419.png	train/label/P0419_instance_color_RGB.png
train/img/P0421.png	train/label/P0421_instance_color_RGB.png
train/img/P0422.png	train/label/P0422_instance_color_RGB.png
train/img/P0424.png	train/label/P0424_instance_color_RGB.png
train/img/P0425.png	train/label/P0425_instance_color_RGB.png
train/img/P0426.png	train/label/P0426_instance_color_RGB.png
train/img/P0428.png	train/label/P0428_instance_color_RGB.png
train/img/P0430.png	train/label/P0430_instance_color_RGB.png
train/img/P0431.png	train/label/P0431_instance_color_RGB.png
train/img/P0434.png	train/label/P0434_instance_color_RGB.png
train/img/P0435.png	train/label/P0435_instance_color_RGB.png
train/img/P0436.png	train/label/P0436_instance_color_RGB.png
train/img/P0437.png	train/label/P0437_instance_color_RGB.png
train/img/P0438.png	train/label/P0438_instance_color_RGB.png
train/img/P0439.png	train/label/P0439_instance_color_RGB.png
train/img/P0440.png	train/label/P0440_instance_color_RGB.png
train/img/P0441.png	train/label/P0441_instance_color_RGB.png
train/img/P0442.png	train/label/P0442_instance_color_RGB.png
train/img/P0443.png	train/label/P0443_instance_color_RGB.png
train/img/P0445.png	train/label/P0445_instance_color_RGB.png
train/img/P0446.png	train/label/P0446_instance_color_RGB.png
train/img/P0448.png	train/label/P0448_instance_color_RGB.png
train/img/P0450.png	train/label/P0450_instance_color_RGB.png
train/img/P0452.png	train/label/P0452_instance_color_RGB.png
train/img/P0453.png	train/label/P0453_instance_color_RGB.png
train/img/P0455.png	train/label/P0455_instance_color_RGB.png
train/img/P0458.png	train/label/P0458_instance_color_RGB.png
train/img/P0459.png	train/label/P0459_instance_color_RGB.png
train/img/P0460.png	train/label/P0460_instance_color_RGB.png
train/img/P0461.png	train/label/P0461_instance_color_RGB.png
train/img/P0464.png	train/label/P0464_instance_color_RGB.png
train/img/P0465.png	train/label/P0465_instance_color_RGB.png
train/img/P0468.png	train/label/P0468_instance_color_RGB.png
train/img/P0469.png	train/label/P0469_instance_color_RGB.png
train/img/P0471.png	train/label/P0471_instance_color_RGB.png
train/img/P0475.png	train/label/P0475_instance_color_RGB.png
train/img/P0477.png	train/label/P0477_instance_color_RGB.png
train/img/P0478.png	train/label/P0478_instance_color_RGB.png
train/img/P0479.png	train/label/P0479_instance_color_RGB.png
train/img/P0481.png	train/label/P0481_instance_color_RGB.png
train/img/P0482.png	train/label/P0482_instance_color_RGB.png
train/img/P0483.png	train/label/P0483_instance_color_RGB.png
train/img/P0484.png	train/label/P0484_instance_color_RGB.png
train/img/P0487.png	train/label/P0487_instance_color_RGB.png
train/img/P0488.png	train/label/P0488_instance_color_RGB.png
train/img/P0489.png	train/label/P0489_instance_color_RGB.png
train/img/P0493.png	train/label/P0493_instance_color_RGB.png
train/img/P0494.png	train/label/P0494_instance_color_RGB.png
train/img/P0495.png	train/label/P0495_instance_color_RGB.png
train/img/P0503.png	train/label/P0503_instance_color_RGB.png
train/img/P0504.png	train/label/P0504_instance_color_RGB.png
train/img/P0505.png	train/label/P0505_instance_color_RGB.png
train/img/P0510.png	train/label/P0510_instance_color_RGB.png
train/img/P0512.png	train/label/P0512_instance_color_RGB.png
train/img/P0516.png	train/label/P0516_instance_color_RGB.png
train/img/P0517.png	train/label/P0517_instance_color_RGB.png
train/img/P0520.png	train/label/P0520_instance_color_RGB.png
train/img/P0521.png	train/label/P0521_instance_color_RGB.png
train/img/P0522.png	train/label/P0522_instance_color_RGB.png
train/img/P0527.png	train/label/P0527_instance_color_RGB.png
train/img/P0531.png	train/label/P0531_instance_color_RGB.png
train/img/P0533.png	train/label/P0533_instance_color_RGB.png
train/img/P0535.png	train/label/P0535_instance_color_RGB.png
train/img/P0537.png	train/label/P0537_instance_color_RGB.png
train/img/P0538.png	train/label/P0538_instance_color_RGB.png
train/img/P0541.png	train/label/P0541_instance_color_RGB.png
train/img/P0542.png	train/label/P0542_instance_color_RGB.png
train/img/P0544.png	train/label/P0544_instance_color_RGB.png
train/img/P0546.png	train/label/P0546_instance_color_RGB.png
train/img/P0548.png	train/label/P0548_instance_color_RGB.png
train/img/P0549.png	train/label/P0549_instance_color_RGB.png
train/img/P0553.png	train/label/P0553_instance_color_RGB.png
train/img/P0554.png	train/label/P0554_instance_color_RGB.png
train/img/P0555.png	train/label/P0555_instance_color_RGB.png
train/img/P0556.png	train/label/P0556_instance_color_RGB.png
train/img/P0562.png	train/label/P0562_instance_color_RGB.png
train/img/P0563.png	train/label/P0563_instance_color_RGB.png
train/img/P0565.png	train/label/P0565_instance_color_RGB.png
train/img/P0567.png	train/label/P0567_instance_color_RGB.png
train/img/P0568.png	train/label/P0568_instance_color_RGB.png
train/img/P0569.png	train/label/P0569_instance_color_RGB.png
train/img/P0571.png	train/label/P0571_instance_color_RGB.png
train/img/P0572.png	train/label/P0572_instance_color_RGB.png
train/img/P0573.png	train/label/P0573_instance_color_RGB.png
train/img/P0578.png	train/label/P0578_instance_color_RGB.png
train/img/P0580.png	train/label/P0580_instance_color_RGB.png
train/img/P0581.png	train/label/P0581_instance_color_RGB.png
train/img/P0582.png	train/label/P0582_instance_color_RGB.png
train/img/P0586.png	train/label/P0586_instance_color_RGB.png
train/img/P0587.png	train/label/P0587_instance_color_RGB.png
train/img/P0591.png	train/label/P0591_instance_color_RGB.png
train/img/P0593.png	train/label/P0593_instance_color_RGB.png
train/img/P0595.png	train/label/P0595_instance_color_RGB.png
train/img/P0596.png	train/label/P0596_instance_color_RGB.png
train/img/P0597.png	train/label/P0597_instance_color_RGB.png
train/img/P0601.png	train/label/P0601_instance_color_RGB.png
train/img/P0602.png	train/label/P0602_instance_color_RGB.png
train/img/P0603.png	train/label/P0603_instance_color_RGB.png
train/img/P0605.png	train/label/P0605_instance_color_RGB.png
train/img/P0607.png	train/label/P0607_instance_color_RGB.png
train/img/P0609.png	train/label/P0609_instance_color_RGB.png
train/img/P0610.png	train/label/P0610_instance_color_RGB.png
train/img/P0611.png	train/label/P0611_instance_color_RGB.png
train/img/P0612.png	train/label/P0612_instance_color_RGB.png
train/img/P0614.png	train/label/P0614_instance_color_RGB.png
train/img/P0617.png	train/label/P0617_instance_color_RGB.png
train/img/P0618.png	train/label/P0618_instance_color_RGB.png
train/img/P0619.png	train/label/P0619_instance_color_RGB.png
train/img/P0620.png	train/label/P0620_instance_color_RGB.png
train/img/P0624.png	train/label/P0624_instance_color_RGB.png
train/img/P0625.png	train/label/P0625_instance_color_RGB.png
train/img/P0626.png	train/label/P0626_instance_color_RGB.png
train/img/P0627.png	train/label/P0627_instance_color_RGB.png
train/img/P0629.png	train/label/P0629_instance_color_RGB.png
train/img/P0630.png	train/label/P0630_instance_color_RGB.png
train/img/P0631.png	train/label/P0631_instance_color_RGB.png
train/img/P0632.png	train/label/P0632_instance_color_RGB.png
train/img/P0634.png	train/label/P0634_instance_color_RGB.png
train/img/P0637.png	train/label/P0637_instance_color_RGB.png
train/img/P0638.png	train/label/P0638_instance_color_RGB.png
train/img/P0641.png	train/label/P0641_instance_color_RGB.png
train/img/P0642.png	train/label/P0642_instance_color_RGB.png
train/img/P0646.png	train/label/P0646_instance_color_RGB.png
train/img/P0648.png	train/label/P0648_instance_color_RGB.png
train/img/P0649.png	train/label/P0649_instance_color_RGB.png
train/img/P0652.png	train/label/P0652_instance_color_RGB.png
train/img/P0653.png	train/label/P0653_instance_color_RGB.png
train/img/P0656.png	train/label/P0656_instance_color_RGB.png
train/img/P0658.png	train/label/P0658_instance_color_RGB.png
train/img/P0664.png	train/label/P0664_instance_color_RGB.png
train/img/P0666.png	train/label/P0666_instance_color_RGB.png
train/img/P0668.png	train/label/P0668_instance_color_RGB.png
train/img/P0676.png	train/label/P0676_instance_color_RGB.png
train/img/P0677.png	train/label/P0677_instance_color_RGB.png
train/img/P0685.png	train/label/P0685_instance_color_RGB.png
train/img/P0687.png	train/label/P0687_instance_color_RGB.png
train/img/P0688.png	train/label/P0688_instance_color_RGB.png
train/img/P0689.png	train/label/P0689_instance_color_RGB.png
train/img/P0691.png	train/label/P0691_instance_color_RGB.png
train/img/P0692.png	train/label/P0692_instance_color_RGB.png
train/img/P0693.png	train/label/P0693_instance_color_RGB.png
train/img/P0695.png	train/label/P0695_instance_color_RGB.png
train/img/P0697.png	train/label/P0697_instance_color_RGB.png
train/img/P0699.png	train/label/P0699_instance_color_RGB.png
train/img/P0700.png	train/label/P0700_instance_color_RGB.png
train/img/P0702.png	train/label/P0702_instance_color_RGB.png
train/img/P0703.png	train/label/P0703_instance_color_RGB.png
train/img/P0707.png	train/label/P0707_instance_color_RGB.png
train/img/P0711.png	train/label/P0711_instance_color_RGB.png
train/img/P0713.png	train/label/P0713_instance_color_RGB.png
train/img/P0714.png	train/label/P0714_instance_color_RGB.png
train/img/P0716.png	train/label/P0716_instance_color_RGB.png
train/img/P0719.png	train/label/P0719_instance_color_RGB.png
train/img/P0722.png	train/label/P0722_instance_color_RGB.png
train/img/P0723.png	train/label/P0723_instance_color_RGB.png
train/img/P0724.png	train/label/P0724_instance_color_RGB.png
train/img/P0726.png	train/label/P0726_instance_color_RGB.png
train/img/P0727.png	train/label/P0727_instance_color_RGB.png
train/img/P0728.png	train/label/P0728_instance_color_RGB.png
train/img/P0730.png	train/label/P0730_instance_color_RGB.png
train/img/P0731.png	train/label/P0731_instance_color_RGB.png
train/img/P0732.png	train/label/P0732_instance_color_RGB.png
train/img/P0733.png	train/label/P0733_instance_color_RGB.png
train/img/P0734.png	train/label/P0734_instance_color_RGB.png
train/img/P0737.png	train/label/P0737_instance_color_RGB.png
train/img/P0738.png	train/label/P0738_instance_color_RGB.png
train/img/P0743.png	train/label/P0743_instance_color_RGB.png
train/img/P0744.png	train/label/P0744_instance_color_RGB.png
train/img/P0745.png	train/label/P0745_instance_color_RGB.png
train/img/P0746.png	train/label/P0746_instance_color_RGB.png
train/img/P0750.png	train/label/P0750_instance_color_RGB.png
train/img/P0753.png	train/label/P0753_instance_color_RGB.png
train/img/P0754.png	train/label/P0754_instance_color_RGB.png
train/img/P0755.png	train/label/P0755_instance_color_RGB.png
train/img/P0757.png	train/label/P0757_instance_color_RGB.png
train/img/P0759.png	train/label/P0759_instance_color_RGB.png
train/img/P0760.png	train/label/P0760_instance_color_RGB.png
train/img/P0762.png	train/label/P0762_instance_color_RGB.png
train/img/P0766.png	train/label/P0766_instance_color_RGB.png
train/img/P0768.png	train/label/P0768_instance_color_RGB.png
train/img/P0769.png	train/label/P0769_instance_color_RGB.png
train/img/P0775.png	train/label/P0775_instance_color_RGB.png
train/img/P0777.png	train/label/P0777_instance_color_RGB.png
train/img/P0778.png	train/label/P0778_instance_color_RGB.png
train/img/P0779.png	train/label/P0779_instance_color_RGB.png
train/img/P0780.png	train/label/P0780_instance_color_RGB.png
train/img/P0781.png	train/label/P0781_instance_color_RGB.png
train/img/P0782.png	train/label/P0782_instance_color_RGB.png
train/img/P0783.png	train/label/P0783_instance_color_RGB.png
train/img/P0785.png	train/label/P0785_instance_color_RGB.png
train/img/P0786.png	train/label/P0786_instance_color_RGB.png
train/img/P0790.png	train/label/P0790_instance_color_RGB.png
train/img/P0792.png	train/label/P0792_instance_color_RGB.png
train/img/P0794.png	train/label/P0794_instance_color_RGB.png
train/img/P0800.png	train/label/P0800_instance_color_RGB.png
train/img/P0803.png	train/label/P0803_instance_color_RGB.png
train/img/P0804.png	train/label/P0804_instance_color_RGB.png
train/img/P0805.png	train/label/P0805_instance_color_RGB.png
train/img/P0806.png	train/label/P0806_instance_color_RGB.png
train/img/P0809.png	train/label/P0809_instance_color_RGB.png
train/img/P0810.png	train/label/P0810_instance_color_RGB.png
train/img/P0817.png	train/label/P0817_instance_color_RGB.png
train/img/P0818.png	train/label/P0818_instance_color_RGB.png
train/img/P0819.png	train/label/P0819_instance_color_RGB.png
train/img/P0821.png	train/label/P0821_instance_color_RGB.png
train/img/P0823.png	train/label/P0823_instance_color_RGB.png
train/img/P0825.png	train/label/P0825_instance_color_RGB.png
train/img/P0826.png	train/label/P0826_instance_color_RGB.png
train/img/P0827.png	train/label/P0827_instance_color_RGB.png
train/img/P0828.png	train/label/P0828_instance_color_RGB.png
train/img/P0829.png	train/label/P0829_instance_color_RGB.png
train/img/P0831.png	train/label/P0831_instance_color_RGB.png
train/img/P0832.png	train/label/P0832_instance_color_RGB.png
train/img/P0835.png	train/label/P0835_instance_color_RGB.png
train/img/P0840.png	train/label/P0840_instance_color_RGB.png
train/img/P0843.png	train/label/P0843_instance_color_RGB.png
train/img/P0845.png	train/label/P0845_instance_color_RGB.png
train/img/P0846.png	train/label/P0846_instance_color_RGB.png
train/img/P0848.png	train/label/P0848_instance_color_RGB.png
train/img/P0849.png	train/label/P0849_instance_color_RGB.png
train/img/P0850.png	train/label/P0850_instance_color_RGB.png
train/img/P0851.png	train/label/P0851_instance_color_RGB.png
train/img/P0853.png	train/label/P0853_instance_color_RGB.png
train/img/P0855.png	train/label/P0855_instance_color_RGB.png
train/img/P0856.png	train/label/P0856_instance_color_RGB.png
train/img/P0857.png	train/label/P0857_instance_color_RGB.png
train/img/P0860.png	train/label/P0860_instance_color_RGB.png
train/img/P0861.png	train/label/P0861_instance_color_RGB.png
train/img/P0867.png	train/label/P0867_instance_color_RGB.png
train/img/P0868.png	train/label/P0868_instance_color_RGB.png
train/img/P0869.png	train/label/P0869_instance_color_RGB.png
train/img/P0870.png	train/label/P0870_instance_color_RGB.png
train/img/P0871.png	train/label/P0871_instance_color_RGB.png
train/img/P0872.png	train/label/P0872_instance_color_RGB.png
train/img/P0873.png	train/label/P0873_instance_color_RGB.png
train/img/P0874.png	train/label/P0874_instance_color_RGB.png
train/img/P0875.png	train/label/P0875_instance_color_RGB.png
train/img/P0878.png	train/label/P0878_instance_color_RGB.png
train/img/P0879.png	train/label/P0879_instance_color_RGB.png
train/img/P0881.png	train/label/P0881_instance_color_RGB.png
train/img/P0883.png	train/label/P0883_instance_color_RGB.png
train/img/P0884.png	train/label/P0884_instance_color_RGB.png
train/img/P0885.png	train/label/P0885_instance_color_RGB.png
train/img/P0888.png	train/label/P0888_instance_color_RGB.png
train/img/P0890.png	train/label/P0890_instance_color_RGB.png
train/img/P0892.png	train/label/P0892_instance_color_RGB.png
train/img/P0893.png	train/label/P0893_instance_color_RGB.png
train/img/P0894.png	train/label/P0894_instance_color_RGB.png
train/img/P0895.png	train/label/P0895_instance_color_RGB.png
train/img/P0896.png	train/label/P0896_instance_color_RGB.png
train/img/P0898.png	train/label/P0898_instance_color_RGB.png
train/img/P0899.png	train/label/P0899_instance_color_RGB.png
train/img/P0900.png	train/label/P0900_instance_color_RGB.png
train/img/P0905.png	train/label/P0905_instance_color_RGB.png
train/img/P0906.png	train/label/P0906_instance_color_RGB.png
train/img/P0907.png	train/label/P0907_instance_color_RGB.png
train/img/P0908.png	train/label/P0908_instance_color_RGB.png
train/img/P0909.png	train/label/P0909_instance_color_RGB.png
train/img/P0911.png	train/label/P0911_instance_color_RGB.png
train/img/P0913.png	train/label/P0913_instance_color_RGB.png
train/img/P0914.png	train/label/P0914_instance_color_RGB.png
train/img/P0915.png	train/label/P0915_instance_color_RGB.png
train/img/P0918.png	train/label/P0918_instance_color_RGB.png
train/img/P0920.png	train/label/P0920_instance_color_RGB.png
train/img/P0921.png	train/label/P0921_instance_color_RGB.png
train/img/P0922.png	train/label/P0922_instance_color_RGB.png
train/img/P0925.png	train/label/P0925_instance_color_RGB.png
train/img/P0926.png	train/label/P0926_instance_color_RGB.png
train/img/P0928.png	train/label/P0928_instance_color_RGB.png
train/img/P0933.png	train/label/P0933_instance_color_RGB.png
train/img/P0934.png	train/label/P0934_instance_color_RGB.png
train/img/P0938.png	train/label/P0938_instance_color_RGB.png
train/img/P0940.png	train/label/P0940_instance_color_RGB.png
train/img/P0941.png	train/label/P0941_instance_color_RGB.png
train/img/P0944.png	train/label/P0944_instance_color_RGB.png
train/img/P0946.png	train/label/P0946_instance_color_RGB.png
train/img/P0947.png	train/label/P0947_instance_color_RGB.png
train/img/P0948.png	train/label/P0948_instance_color_RGB.png
train/img/P0950.png	train/label/P0950_instance_color_RGB.png
train/img/P0951.png	train/label/P0951_instance_color_RGB.png
train/img/P0952.png	train/label/P0952_instance_color_RGB.png
train/img/P0957.png	train/label/P0957_instance_color_RGB.png
train/img/P0960.png	train/label/P0960_instance_color_RGB.png
train/img/P0963.png	train/label/P0963_instance_color_RGB.png
train/img/P0966.png	train/label/P0966_instance_color_RGB.png
train/img/P0967.png	train/label/P0967_instance_color_RGB.png
train/img/P0972.png	train/label/P0972_instance_color_RGB.png
train/img/P0973.png	train/label/P0973_instance_color_RGB.png
train/img/P0975.png	train/label/P0975_instance_color_RGB.png
train/img/P0978.png	train/label/P0978_instance_color_RGB.png
train/img/P0979.png	train/label/P0979_instance_color_RGB.png
train/img/P0980.png	train/label/P0980_instance_color_RGB.png
train/img/P0981.png	train/label/P0981_instance_color_RGB.png
train/img/P0986.png	train/label/P0986_instance_color_RGB.png
train/img/P0987.png	train/label/P0987_instance_color_RGB.png
train/img/P0991.png	train/label/P0991_instance_color_RGB.png
train/img/P0993.png	train/label/P0993_instance_color_RGB.png
train/img/P0995.png	train/label/P0995_instance_color_RGB.png
train/img/P0999.png	train/label/P0999_instance_color_RGB.png
train/img/P1003.png	train/label/P1003_instance_color_RGB.png
train/img/P1006.png	train/label/P1006_instance_color_RGB.png
train/img/P1010.png	train/label/P1010_instance_color_RGB.png
train/img/P1012.png	train/label/P1012_instance_color_RGB.png
train/img/P1015.png	train/label/P1015_instance_color_RGB.png
train/img/P1016.png	train/label/P1016_instance_color_RGB.png
train/img/P1019.png	train/label/P1019_instance_color_RGB.png
train/img/P1020.png	train/label/P1020_instance_color_RGB.png
train/img/P1026.png	train/label/P1026_instance_color_RGB.png
train/img/P1027.png	train/label/P1027_instance_color_RGB.png
train/img/P1037.png	train/label/P1037_instance_color_RGB.png
train/img/P1043.png	train/label/P1043_instance_color_RGB.png
train/img/P1046.png	train/label/P1046_instance_color_RGB.png
train/img/P1047.png	train/label/P1047_instance_color_RGB.png
train/img/P1049.png	train/label/P1049_instance_color_RGB.png
train/img/P1052.png	train/label/P1052_instance_color_RGB.png
train/img/P1053.png	train/label/P1053_instance_color_RGB.png
train/img/P1054.png	train/label/P1054_instance_color_RGB.png
train/img/P1055.png	train/label/P1055_instance_color_RGB.png
train/img/P1057.png	train/label/P1057_instance_color_RGB.png
train/img/P1059.png	train/label/P1059_instance_color_RGB.png
train/img/P1060.png	train/label/P1060_instance_color_RGB.png
train/img/P1061.png	train/label/P1061_instance_color_RGB.png
train/img/P1062.png	train/label/P1062_instance_color_RGB.png
train/img/P1063.png	train/label/P1063_instance_color_RGB.png
train/img/P1067.png	train/label/P1067_instance_color_RGB.png
train/img/P1069.png	train/label/P1069_instance_color_RGB.png
train/img/P1070.png	train/label/P1070_instance_color_RGB.png
train/img/P1071.png	train/label/P1071_instance_color_RGB.png
train/img/P1073.png	train/label/P1073_instance_color_RGB.png
train/img/P1076.png	train/label/P1076_instance_color_RGB.png
train/img/P1077.png	train/label/P1077_instance_color_RGB.png
train/img/P1078.png	train/label/P1078_instance_color_RGB.png
train/img/P1079.png	train/label/P1079_instance_color_RGB.png
train/img/P1080.png	train/label/P1080_instance_color_RGB.png
train/img/P1084.png	train/label/P1084_instance_color_RGB.png
train/img/P1087.png	train/label/P1087_instance_color_RGB.png
train/img/P1089.png	train/label/P1089_instance_color_RGB.png
train/img/P1092.png	train/label/P1092_instance_color_RGB.png
train/img/P1094.png	train/label/P1094_instance_color_RGB.png
train/img/P1096.png	train/label/P1096_instance_color_RGB.png
train/img/P1098.png	train/label/P1098_instance_color_RGB.png
train/img/P1105.png	train/label/P1105_instance_color_RGB.png
train/img/P1107.png	train/label/P1107_instance_color_RGB.png
train/img/P1108.png	train/label/P1108_instance_color_RGB.png
train/img/P1109.png	train/label/P1109_instance_color_RGB.png
train/img/P1110.png	train/label/P1110_instance_color_RGB.png
train/img/P1113.png	train/label/P1113_instance_color_RGB.png
train/img/P1114.png	train/label/P1114_instance_color_RGB.png
train/img/P1116.png	train/label/P1116_instance_color_RGB.png
train/img/P1117.png	train/label/P1117_instance_color_RGB.png
train/img/P1118.png	train/label/P1118_instance_color_RGB.png
train/img/P1119.png	train/label/P1119_instance_color_RGB.png
train/img/P1121.png	train/label/P1121_instance_color_RGB.png
train/img/P1130.png	train/label/P1130_instance_color_RGB.png
train/img/P1131.png	train/label/P1131_instance_color_RGB.png
train/img/P1132.png	train/label/P1132_instance_color_RGB.png
train/img/P1139.png	train/label/P1139_instance_color_RGB.png
train/img/P1140.png	train/label/P1140_instance_color_RGB.png
train/img/P1141.png	train/label/P1141_instance_color_RGB.png
train/img/P1142.png	train/label/P1142_instance_color_RGB.png
train/img/P1144.png	train/label/P1144_instance_color_RGB.png
train/img/P1148.png	train/label/P1148_instance_color_RGB.png
train/img/P1150.png	train/label/P1150_instance_color_RGB.png
train/img/P1152.png	train/label/P1152_instance_color_RGB.png
train/img/P1155.png	train/label/P1155_instance_color_RGB.png
train/img/P1158.png	train/label/P1158_instance_color_RGB.png
train/img/P1159.png	train/label/P1159_instance_color_RGB.png
train/img/P1161.png	train/label/P1161_instance_color_RGB.png
train/img/P1164.png	train/label/P1164_instance_color_RGB.png
train/img/P1165.png	train/label/P1165_instance_color_RGB.png
train/img/P1166.png	train/label/P1166_instance_color_RGB.png
train/img/P1167.png	train/label/P1167_instance_color_RGB.png
train/img/P1168.png	train/label/P1168_instance_color_RGB.png
train/img/P1170.png	train/label/P1170_instance_color_RGB.png
train/img/P1171.png	train/label/P1171_instance_color_RGB.png
train/img/P1173.png	train/label/P1173_instance_color_RGB.png
train/img/P1174.png	train/label/P1174_instance_color_RGB.png
train/img/P1181.png	train/label/P1181_instance_color_RGB.png
train/img/P1182.png	train/label/P1182_instance_color_RGB.png
train/img/P1185.png	train/label/P1185_instance_color_RGB.png
train/img/P1186.png	train/label/P1186_instance_color_RGB.png
train/img/P1187.png	train/label/P1187_instance_color_RGB.png
train/img/P1191.png	train/label/P1191_instance_color_RGB.png
train/img/P1193.png	train/label/P1193_instance_color_RGB.png
train/img/P1198.png	train/label/P1198_instance_color_RGB.png
train/img/P1199.png	train/label/P1199_instance_color_RGB.png
train/img/P1200.png	train/label/P1200_instance_color_RGB.png
train/img/P1201.png	train/label/P1201_instance_color_RGB.png
train/img/P1205.png	train/label/P1205_instance_color_RGB.png
train/img/P1207.png	train/label/P1207_instance_color_RGB.png
train/img/P1208.png	train/label/P1208_instance_color_RGB.png
train/img/P1209.png	train/label/P1209_instance_color_RGB.png
train/img/P1211.png	train/label/P1211_instance_color_RGB.png
train/img/P1214.png	train/label/P1214_instance_color_RGB.png
train/img/P1216.png	train/label/P1216_instance_color_RGB.png
train/img/P1217.png	train/label/P1217_instance_color_RGB.png
train/img/P1221.png	train/label/P1221_instance_color_RGB.png
train/img/P1222.png	train/label/P1222_instance_color_RGB.png
train/img/P1223.png	train/label/P1223_instance_color_RGB.png
train/img/P1224.png	train/label/P1224_instance_color_RGB.png
train/img/P1228.png	train/label/P1228_instance_color_RGB.png
train/img/P1231.png	train/label/P1231_instance_color_RGB.png
train/img/P1232.png	train/label/P1232_instance_color_RGB.png
train/img/P1238.png	train/label/P1238_instance_color_RGB.png
train/img/P1239.png	train/label/P1239_instance_color_RGB.png
train/img/P1241.png	train/label/P1241_instance_color_RGB.png
train/img/P1243.png	train/label/P1243_instance_color_RGB.png
train/img/P1245.png	train/label/P1245_instance_color_RGB.png
train/img/P1247.png	train/label/P1247_instance_color_RGB.png
train/img/P1249.png	train/label/P1249_instance_color_RGB.png
train/img/P1250.png	train/label/P1250_instance_color_RGB.png
train/img/P1251.png	train/label/P1251_instance_color_RGB.png
train/img/P1255.png	train/label/P1255_instance_color_RGB.png
train/img/P1256.png	train/label/P1256_instance_color_RGB.png
train/img/P1258.png	train/label/P1258_instance_color_RGB.png
train/img/P1259.png	train/label/P1259_instance_color_RGB.png
train/img/P1260.png	train/label/P1260_instance_color_RGB.png
train/img/P1265.png	train/label/P1265_instance_color_RGB.png
train/img/P1267.png	train/label/P1267_instance_color_RGB.png
train/img/P1272.png	train/label/P1272_instance_color_RGB.png
train/img/P1274.png	train/label/P1274_instance_color_RGB.png
train/img/P1276.png	train/label/P1276_instance_color_RGB.png
train/img/P1277.png	train/label/P1277_instance_color_RGB.png
train/img/P1279.png	train/label/P1279_instance_color_RGB.png
train/img/P1281.png	train/label/P1281_instance_color_RGB.png
train/img/P1287.png	train/label/P1287_instance_color_RGB.png
train/img/P1288.png	train/label/P1288_instance_color_RGB.png
train/img/P1291.png	train/label/P1291_instance_color_RGB.png
train/img/P1292.png	train/label/P1292_instance_color_RGB.png
train/img/P1295.png	train/label/P1295_instance_color_RGB.png
train/img/P1297.png	train/label/P1297_instance_color_RGB.png
train/img/P1298.png	train/label/P1298_instance_color_RGB.png
train/img/P1299.png	train/label/P1299_instance_color_RGB.png
train/img/P1300.png	train/label/P1300_instance_color_RGB.png
train/img/P1305.png	train/label/P1305_instance_color_RGB.png
train/img/P1306.png	train/label/P1306_instance_color_RGB.png
train/img/P1307.png	train/label/P1307_instance_color_RGB.png
train/img/P1308.png	train/label/P1308_instance_color_RGB.png
train/img/P1309.png	train/label/P1309_instance_color_RGB.png
train/img/P1311.png	train/label/P1311_instance_color_RGB.png
train/img/P1317.png	train/label/P1317_instance_color_RGB.png
train/img/P1319.png	train/label/P1319_instance_color_RGB.png
train/img/P1321.png	train/label/P1321_instance_color_RGB.png
train/img/P1322.png	train/label/P1322_instance_color_RGB.png
train/img/P1325.png	train/label/P1325_instance_color_RGB.png
train/img/P1328.png	train/label/P1328_instance_color_RGB.png
train/img/P1329.png	train/label/P1329_instance_color_RGB.png
train/img/P1333.png	train/label/P1333_instance_color_RGB.png
train/img/P1336.png	train/label/P1336_instance_color_RGB.png
train/img/P1337.png	train/label/P1337_instance_color_RGB.png
train/img/P1338.png	train/label/P1338_instance_color_RGB.png
train/img/P1339.png	train/label/P1339_instance_color_RGB.png
train/img/P1340.png	train/label/P1340_instance_color_RGB.png
train/img/P1341.png	train/label/P1341_instance_color_RGB.png
train/img/P1343.png	train/label/P1343_instance_color_RGB.png
train/img/P1344.png	train/label/P1344_instance_color_RGB.png
train/img/P1350.png	train/label/P1350_instance_color_RGB.png
train/img/P1351.png	train/label/P1351_instance_color_RGB.png
train/img/P1352.png	train/label/P1352_instance_color_RGB.png
train/img/P1353.png	train/label/P1353_instance_color_RGB.png
train/img/P1354.png	train/label/P1354_instance_color_RGB.png
train/img/P1357.png	train/label/P1357_instance_color_RGB.png
train/img/P1358.png	train/label/P1358_instance_color_RGB.png
train/img/P1359.png	train/label/P1359_instance_color_RGB.png
train/img/P1360.png	train/label/P1360_instance_color_RGB.png
train/img/P1361.png	train/label/P1361_instance_color_RGB.png
train/img/P1364.png	train/label/P1364_instance_color_RGB.png
train/img/P1365.png	train/label/P1365_instance_color_RGB.png
train/img/P1366.png	train/label/P1366_instance_color_RGB.png
train/img/P1368.png	train/label/P1368_instance_color_RGB.png
train/img/P1369.png	train/label/P1369_instance_color_RGB.png
train/img/P1374.png	train/label/P1374_instance_color_RGB.png
train/img/P1375.png	train/label/P1375_instance_color_RGB.png
train/img/P1382.png	train/label/P1382_instance_color_RGB.png
train/img/P1387.png	train/label/P1387_instance_color_RGB.png
train/img/P1388.png	train/label/P1388_instance_color_RGB.png
train/img/P1389.png	train/label/P1389_instance_color_RGB.png
train/img/P1391.png	train/label/P1391_instance_color_RGB.png
train/img/P1392.png	train/label/P1392_instance_color_RGB.png
train/img/P1393.png	train/label/P1393_instance_color_RGB.png
train/img/P1394.png	train/label/P1394_instance_color_RGB.png
train/img/P1395.png	train/label/P1395_instance_color_RGB.png
train/img/P1399.png	train/label/P1399_instance_color_RGB.png
train/img/P1401.png	train/label/P1401_instance_color_RGB.png
train/img/P1403.png	train/label/P1403_instance_color_RGB.png
train/img/P1408.png	train/label/P1408_instance_color_RGB.png
train/img/P1412.png	train/label/P1412_instance_color_RGB.png
train/img/P1413.png	train/label/P1413_instance_color_RGB.png
train/img/P1414.png	train/label/P1414_instance_color_RGB.png
train/img/P1416.png	train/label/P1416_instance_color_RGB.png
train/img/P1418.png	train/label/P1418_instance_color_RGB.png
train/img/P1419.png	train/label/P1419_instance_color_RGB.png
train/img/P1420.png	train/label/P1420_instance_color_RGB.png
train/img/P1421.png	train/label/P1421_instance_color_RGB.png
train/img/P1426.png	train/label/P1426_instance_color_RGB.png
train/img/P1427.png	train/label/P1427_instance_color_RGB.png
train/img/P1428.png	train/label/P1428_instance_color_RGB.png
train/img/P1431.png	train/label/P1431_instance_color_RGB.png
train/img/P1433.png	train/label/P1433_instance_color_RGB.png
train/img/P1437.png	train/label/P1437_instance_color_RGB.png
train/img/P1438.png	train/label/P1438_instance_color_RGB.png
train/img/P1439.png	train/label/P1439_instance_color_RGB.png
train/img/P1443.png	train/label/P1443_instance_color_RGB.png
train/img/P1444.png	train/label/P1444_instance_color_RGB.png
train/img/P1445.png	train/label/P1445_instance_color_RGB.png
train/img/P1446.png	train/label/P1446_instance_color_RGB.png
train/img/P1449.png	train/label/P1449_instance_color_RGB.png
train/img/P1450.png	train/label/P1450_instance_color_RGB.png
train/img/P1451.png	train/label/P1451_instance_color_RGB.png
train/img/P1453.png	train/label/P1453_instance_color_RGB.png
train/img/P1455.png	train/label/P1455_instance_color_RGB.png
train/img/P1457.png	train/label/P1457_instance_color_RGB.png
train/img/P1458.png	train/label/P1458_instance_color_RGB.png
train/img/P1459.png	train/label/P1459_instance_color_RGB.png
train/img/P1460.png	train/label/P1460_instance_color_RGB.png
train/img/P1462.png	train/label/P1462_instance_color_RGB.png
train/img/P1464.png	train/label/P1464_instance_color_RGB.png
train/img/P1465.png	train/label/P1465_instance_color_RGB.png
train/img/P1466.png	train/label/P1466_instance_color_RGB.png
train/img/P1467.png	train/label/P1467_instance_color_RGB.png
train/img/P1469.png	train/label/P1469_instance_color_RGB.png
train/img/P1470.png	train/label/P1470_instance_color_RGB.png
train/img/P1475.png	train/label/P1475_instance_color_RGB.png
train/img/P1479.png	train/label/P1479_instance_color_RGB.png
train/img/P1480.png	train/label/P1480_instance_color_RGB.png
train/img/P1481.png	train/label/P1481_instance_color_RGB.png
train/img/P1482.png	train/label/P1482_instance_color_RGB.png
train/img/P1484.png	train/label/P1484_instance_color_RGB.png
train/img/P1486.png	train/label/P1486_instance_color_RGB.png
train/img/P1487.png	train/label/P1487_instance_color_RGB.png
train/img/P1489.png	train/label/P1489_instance_color_RGB.png
train/img/P1493.png	train/label/P1493_instance_color_RGB.png
train/img/P1495.png	train/label/P1495_instance_color_RGB.png
train/img/P1497.png	train/label/P1497_instance_color_RGB.png
train/img/P1498.png	train/label/P1498_instance_color_RGB.png
train/img/P1499.png	train/label/P1499_instance_color_RGB.png
train/img/P1501.png	train/label/P1501_instance_color_RGB.png
train/img/P1502.png	train/label/P1502_instance_color_RGB.png
train/img/P1505.png	train/label/P1505_instance_color_RGB.png
train/img/P1507.png	train/label/P1507_instance_color_RGB.png
train/img/P1509.png	train/label/P1509_instance_color_RGB.png
train/img/P1514.png	train/label/P1514_instance_color_RGB.png
train/img/P1515.png	train/label/P1515_instance_color_RGB.png
train/img/P1517.png	train/label/P1517_instance_color_RGB.png
train/img/P1519.png	train/label/P1519_instance_color_RGB.png
train/img/P1521.png	train/label/P1521_instance_color_RGB.png
train/img/P1522.png	train/label/P1522_instance_color_RGB.png
train/img/P1524.png	train/label/P1524_instance_color_RGB.png
train/img/P1526.png	train/label/P1526_instance_color_RGB.png
train/img/P1531.png	train/label/P1531_instance_color_RGB.png
train/img/P1533.png	train/label/P1533_instance_color_RGB.png
train/img/P1534.png	train/label/P1534_instance_color_RGB.png
train/img/P1535.png	train/label/P1535_instance_color_RGB.png
train/img/P1537.png	train/label/P1537_instance_color_RGB.png
train/img/P1539.png	train/label/P1539_instance_color_RGB.png
train/img/P1540.png	train/label/P1540_instance_color_RGB.png
train/img/P1545.png	train/label/P1545_instance_color_RGB.png
train/img/P1550.png	train/label/P1550_instance_color_RGB.png
train/img/P1551.png	train/label/P1551_instance_color_RGB.png
train/img/P1552.png	train/label/P1552_instance_color_RGB.png
train/img/P1554.png	train/label/P1554_instance_color_RGB.png
train/img/P1555.png	train/label/P1555_instance_color_RGB.png
train/img/P1556.png	train/label/P1556_instance_color_RGB.png
train/img/P1558.png	train/label/P1558_instance_color_RGB.png
train/img/P1562.png	train/label/P1562_instance_color_RGB.png
train/img/P1563.png	train/label/P1563_instance_color_RGB.png
train/img/P1565.png	train/label/P1565_instance_color_RGB.png
train/img/P1571.png	train/label/P1571_instance_color_RGB.png
train/img/P1574.png	train/label/P1574_instance_color_RGB.png
train/img/P1580.png	train/label/P1580_instance_color_RGB.png
train/img/P1582.png	train/label/P1582_instance_color_RGB.png
train/img/P1585.png	train/label/P1585_instance_color_RGB.png
train/img/P1587.png	train/label/P1587_instance_color_RGB.png
train/img/P1589.png	train/label/P1589_instance_color_RGB.png
train/img/P1591.png	train/label/P1591_instance_color_RGB.png
train/img/P1594.png	train/label/P1594_instance_color_RGB.png
train/img/P1597.png	train/label/P1597_instance_color_RGB.png
train/img/P1599.png	train/label/P1599_instance_color_RGB.png
train/img/P1600.png	train/label/P1600_instance_color_RGB.png
train/img/P1602.png	train/label/P1602_instance_color_RGB.png
train/img/P1606.png	train/label/P1606_instance_color_RGB.png
train/img/P1607.png	train/label/P1607_instance_color_RGB.png
train/img/P1608.png	train/label/P1608_instance_color_RGB.png
train/img/P1609.png	train/label/P1609_instance_color_RGB.png
train/img/P1614.png	train/label/P1614_instance_color_RGB.png
train/img/P1615.png	train/label/P1615_instance_color_RGB.png
train/img/P1616.png	train/label/P1616_instance_color_RGB.png
train/img/P1617.png	train/label/P1617_instance_color_RGB.png
train/img/P1618.png	train/label/P1618_instance_color_RGB.png
train/img/P1620.png	train/label/P1620_instance_color_RGB.png
train/img/P1631.png	train/label/P1631_instance_color_RGB.png
train/img/P1632.png	train/label/P1632_instance_color_RGB.png
train/img/P1633.png	train/label/P1633_instance_color_RGB.png
train/img/P1634.png	train/label/P1634_instance_color_RGB.png
train/img/P1636.png	train/label/P1636_instance_color_RGB.png
train/img/P1638.png	train/label/P1638_instance_color_RGB.png
train/img/P1639.png	train/label/P1639_instance_color_RGB.png
train/img/P1640.png	train/label/P1640_instance_color_RGB.png
train/img/P1641.png	train/label/P1641_instance_color_RGB.png
train/img/P1645.png	train/label/P1645_instance_color_RGB.png
train/img/P1646.png	train/label/P1646_instance_color_RGB.png
train/img/P1649.png	train/label/P1649_instance_color_RGB.png
train/img/P1652.png	train/label/P1652_instance_color_RGB.png
train/img/P1653.png	train/label/P1653_instance_color_RGB.png
train/img/P1656.png	train/label/P1656_instance_color_RGB.png
train/img/P1658.png	train/label/P1658_instance_color_RGB.png
train/img/P1659.png	train/label/P1659_instance_color_RGB.png
train/img/P1660.png	train/label/P1660_instance_color_RGB.png
train/img/P1661.png	train/label/P1661_instance_color_RGB.png
train/img/P1662.png	train/label/P1662_instance_color_RGB.png
train/img/P1669.png	train/label/P1669_instance_color_RGB.png
train/img/P1670.png	train/label/P1670_instance_color_RGB.png
train/img/P1673.png	train/label/P1673_instance_color_RGB.png
train/img/P1674.png	train/label/P1674_instance_color_RGB.png
train/img/P1675.png	train/label/P1675_instance_color_RGB.png
train/img/P1676.png	train/label/P1676_instance_color_RGB.png
train/img/P1680.png	train/label/P1680_instance_color_RGB.png
train/img/P1682.png	train/label/P1682_instance_color_RGB.png
train/img/P1683.png	train/label/P1683_instance_color_RGB.png
train/img/P1685.png	train/label/P1685_instance_color_RGB.png
train/img/P1686.png	train/label/P1686_instance_color_RGB.png
train/img/P1688.png	train/label/P1688_instance_color_RGB.png
train/img/P1689.png	train/label/P1689_instance_color_RGB.png
train/img/P1691.png	train/label/P1691_instance_color_RGB.png
train/img/P1696.png	train/label/P1696_instance_color_RGB.png
train/img/P1697.png	train/label/P1697_instance_color_RGB.png
train/img/P1698.png	train/label/P1698_instance_color_RGB.png
train/img/P1702.png	train/label/P1702_instance_color_RGB.png
train/img/P1703.png	train/label/P1703_instance_color_RGB.png
train/img/P1704.png	train/label/P1704_instance_color_RGB.png
train/img/P1705.png	train/label/P1705_instance_color_RGB.png
train/img/P1707.png	train/label/P1707_instance_color_RGB.png
train/img/P1708.png	train/label/P1708_instance_color_RGB.png
train/img/P1709.png	train/label/P1709_instance_color_RGB.png
train/img/P1714.png	train/label/P1714_instance_color_RGB.png
train/img/P1717.png	train/label/P1717_instance_color_RGB.png
train/img/P1719.png	train/label/P1719_instance_color_RGB.png
train/img/P1724.png	train/label/P1724_instance_color_RGB.png
train/img/P1725.png	train/label/P1725_instance_color_RGB.png
train/img/P1726.png	train/label/P1726_instance_color_RGB.png
train/img/P1727.png	train/label/P1727_instance_color_RGB.png
train/img/P1730.png	train/label/P1730_instance_color_RGB.png
train/img/P1736.png	train/label/P1736_instance_color_RGB.png
train/img/P1739.png	train/label/P1739_instance_color_RGB.png
train/img/P1740.png	train/label/P1740_instance_color_RGB.png
train/img/P1741.png	train/label/P1741_instance_color_RGB.png
train/img/P1743.png	train/label/P1743_instance_color_RGB.png
train/img/P1744.png	train/label/P1744_instance_color_RGB.png
train/img/P1745.png	train/label/P1745_instance_color_RGB.png
train/img/P1746.png	train/label/P1746_instance_color_RGB.png
train/img/P1747.png	train/label/P1747_instance_color_RGB.png
train/img/P1748.png	train/label/P1748_instance_color_RGB.png
train/img/P1753.png	train/label/P1753_instance_color_RGB.png
train/img/P1756.png	train/label/P1756_instance_color_RGB.png
train/img/P1757.png	train/label/P1757_instance_color_RGB.png
train/img/P1758.png	train/label/P1758_instance_color_RGB.png
train/img/P1765.png	train/label/P1765_instance_color_RGB.png
train/img/P1768.png	train/label/P1768_instance_color_RGB.png
train/img/P1773.png	train/label/P1773_instance_color_RGB.png
train/img/P1775.png	train/label/P1775_instance_color_RGB.png
train/img/P1776.png	train/label/P1776_instance_color_RGB.png
train/img/P1778.png	train/label/P1778_instance_color_RGB.png
train/img/P1779.png	train/label/P1779_instance_color_RGB.png
train/img/P1780.png	train/label/P1780_instance_color_RGB.png
train/img/P1783.png	train/label/P1783_instance_color_RGB.png
train/img/P1784.png	train/label/P1784_instance_color_RGB.png
train/img/P1785.png	train/label/P1785_instance_color_RGB.png
train/img/P1788.png	train/label/P1788_instance_color_RGB.png
train/img/P1789.png	train/label/P1789_instance_color_RGB.png
train/img/P1790.png	train/label/P1790_instance_color_RGB.png
train/img/P1791.png	train/label/P1791_instance_color_RGB.png
train/img/P1793.png	train/label/P1793_instance_color_RGB.png
train/img/P1794.png	train/label/P1794_instance_color_RGB.png
train/img/P1795.png	train/label/P1795_instance_color_RGB.png
train/img/P1799.png	train/label/P1799_instance_color_RGB.png
train/img/P1801.png	train/label/P1801_instance_color_RGB.png
train/img/P1804.png	train/label/P1804_instance_color_RGB.png
train/img/P1805.png	train/label/P1805_instance_color_RGB.png
train/img/P1807.png	train/label/P1807_instance_color_RGB.png
train/img/P1808.png	train/label/P1808_instance_color_RGB.png
train/img/P1812.png	train/label/P1812_instance_color_RGB.png
train/img/P1816.png	train/label/P1816_instance_color_RGB.png
train/img/P1818.png	train/label/P1818_instance_color_RGB.png
train/img/P1822.png	train/label/P1822_instance_color_RGB.png
train/img/P1823.png	train/label/P1823_instance_color_RGB.png
train/img/P1827.png	train/label/P1827_instance_color_RGB.png
train/img/P1832.png	train/label/P1832_instance_color_RGB.png
train/img/P1833.png	train/label/P1833_instance_color_RGB.png
train/img/P1837.png	train/label/P1837_instance_color_RGB.png
train/img/P1839.png	train/label/P1839_instance_color_RGB.png
train/img/P1841.png	train/label/P1841_instance_color_RGB.png
train/img/P1842.png	train/label/P1842_instance_color_RGB.png
train/img/P1843.png	train/label/P1843_instance_color_RGB.png
train/img/P1845.png	train/label/P1845_instance_color_RGB.png
train/img/P1846.png	train/label/P1846_instance_color_RGB.png
train/img/P1848.png	train/label/P1848_instance_color_RGB.png
train/img/P1849.png	train/label/P1849_instance_color_RGB.png
train/img/P1850.png	train/label/P1850_instance_color_RGB.png
train/img/P1851.png	train/label/P1851_instance_color_RGB.png
train/img/P1856.png	train/label/P1856_instance_color_RGB.png
train/img/P1859.png	train/label/P1859_instance_color_RGB.png
train/img/P1861.png	train/label/P1861_instance_color_RGB.png
train/img/P1863.png	train/label/P1863_instance_color_RGB.png
train/img/P1864.png	train/label/P1864_instance_color_RGB.png
train/img/P1866.png	train/label/P1866_instance_color_RGB.png
train/img/P1867.png	train/label/P1867_instance_color_RGB.png
train/img/P1868.png	train/label/P1868_instance_color_RGB.png
train/img/P1869.png	train/label/P1869_instance_color_RGB.png
train/img/P1871.png	train/label/P1871_instance_color_RGB.png
train/img/P1872.png	train/label/P1872_instance_color_RGB.png
train/img/P1874.png	train/label/P1874_instance_color_RGB.png
train/img/P1875.png	train/label/P1875_instance_color_RGB.png
train/img/P1876.png	train/label/P1876_instance_color_RGB.png
train/img/P1879.png	train/label/P1879_instance_color_RGB.png
train/img/P1881.png	train/label/P1881_instance_color_RGB.png
train/img/P1887.png	train/label/P1887_instance_color_RGB.png
train/img/P1891.png	train/label/P1891_instance_color_RGB.png
train/img/P1892.png	train/label/P1892_instance_color_RGB.png
train/img/P1893.png	train/label/P1893_instance_color_RGB.png
train/img/P1894.png	train/label/P1894_instance_color_RGB.png
train/img/P1895.png	train/label/P1895_instance_color_RGB.png
train/img/P1896.png	train/label/P1896_instance_color_RGB.png
train/img/P1899.png	train/label/P1899_instance_color_RGB.png
train/img/P1900.png	train/label/P1900_instance_color_RGB.png
train/img/P1902.png	train/label/P1902_instance_color_RGB.png
train/img/P1906.png	train/label/P1906_instance_color_RGB.png
train/img/P1907.png	train/label/P1907_instance_color_RGB.png
train/img/P1908.png	train/label/P1908_instance_color_RGB.png
train/img/P1909.png	train/label/P1909_instance_color_RGB.png
train/img/P1910.png	train/label/P1910_instance_color_RGB.png
train/img/P1912.png	train/label/P1912_instance_color_RGB.png
train/img/P1913.png	train/label/P1913_instance_color_RGB.png
train/img/P1915.png	train/label/P1915_instance_color_RGB.png
train/img/P1917.png	train/label/P1917_instance_color_RGB.png
train/img/P1918.png	train/label/P1918_instance_color_RGB.png
train/img/P1923.png	train/label/P1923_instance_color_RGB.png
train/img/P1926.png	train/label/P1926_instance_color_RGB.png
train/img/P1927.png	train/label/P1927_instance_color_RGB.png
train/img/P1928.png	train/label/P1928_instance_color_RGB.png
train/img/P1929.png	train/label/P1929_instance_color_RGB.png
train/img/P1930.png	train/label/P1930_instance_color_RGB.png
train/img/P1931.png	train/label/P1931_instance_color_RGB.png
train/img/P1932.png	train/label/P1932_instance_color_RGB.png
train/img/P1933.png	train/label/P1933_instance_color_RGB.png
train/img/P1934.png	train/label/P1934_instance_color_RGB.png
train/img/P1935.png	train/label/P1935_instance_color_RGB.png
train/img/P1938.png	train/label/P1938_instance_color_RGB.png
train/img/P1939.png	train/label/P1939_instance_color_RGB.png
train/img/P1942.png	train/label/P1942_instance_color_RGB.png
train/img/P1945.png	train/label/P1945_instance_color_RGB.png
train/img/P1947.png	train/label/P1947_instance_color_RGB.png
train/img/P1948.png	train/label/P1948_instance_color_RGB.png
train/img/P1951.png	train/label/P1951_instance_color_RGB.png
train/img/P1954.png	train/label/P1954_instance_color_RGB.png
train/img/P1955.png	train/label/P1955_instance_color_RGB.png
train/img/P1959.png	train/label/P1959_instance_color_RGB.png
train/img/P1962.png	train/label/P1962_instance_color_RGB.png
train/img/P1964.png	train/label/P1964_instance_color_RGB.png
train/img/P1965.png	train/label/P1965_instance_color_RGB.png
train/img/P1966.png	train/label/P1966_instance_color_RGB.png
train/img/P1969.png	train/label/P1969_instance_color_RGB.png
train/img/P1972.png	train/label/P1972_instance_color_RGB.png
train/img/P1976.png	train/label/P1976_instance_color_RGB.png
train/img/P1977.png	train/label/P1977_instance_color_RGB.png
train/img/P1980.png	train/label/P1980_instance_color_RGB.png
train/img/P1981.png	train/label/P1981_instance_color_RGB.png
train/img/P1984.png	train/label/P1984_instance_color_RGB.png
train/img/P1986.png	train/label/P1986_instance_color_RGB.png
train/img/P1987.png	train/label/P1987_instance_color_RGB.png
train/img/P1989.png	train/label/P1989_instance_color_RGB.png
train/img/P1990.png	train/label/P1990_instance_color_RGB.png
train/img/P1991.png	train/label/P1991_instance_color_RGB.png
train/img/P1994.png	train/label/P1994_instance_color_RGB.png
train/img/P1996.png	train/label/P1996_instance_color_RGB.png
train/img/P1997.png	train/label/P1997_instance_color_RGB.png
train/img/P1998.png	train/label/P1998_instance_color_RGB.png
train/img/P2001.png	train/label/P2001_instance_color_RGB.png
train/img/P2002.png	train/label/P2002_instance_color_RGB.png
train/img/P2004.png	train/label/P2004_instance_color_RGB.png
train/img/P2005.png	train/label/P2005_instance_color_RGB.png
train/img/P2006.png	train/label/P2006_instance_color_RGB.png
train/img/P2007.png	train/label/P2007_instance_color_RGB.png
train/img/P2010.png	train/label/P2010_instance_color_RGB.png
train/img/P2013.png	train/label/P2013_instance_color_RGB.png
train/img/P2014.png	train/label/P2014_instance_color_RGB.png
train/img/P2016.png	train/label/P2016_instance_color_RGB.png
train/img/P2017.png	train/label/P2017_instance_color_RGB.png
train/img/P2018.png	train/label/P2018_instance_color_RGB.png
train/img/P2019.png	train/label/P2019_instance_color_RGB.png
train/img/P2020.png	train/label/P2020_instance_color_RGB.png
train/img/P2022.png	train/label/P2022_instance_color_RGB.png
train/img/P2026.png	train/label/P2026_instance_color_RGB.png
train/img/P2028.png	train/label/P2028_instance_color_RGB.png
train/img/P2029.png	train/label/P2029_instance_color_RGB.png
train/img/P2030.png	train/label/P2030_instance_color_RGB.png
train/img/P2032.png	train/label/P2032_instance_color_RGB.png
train/img/P2033.png	train/label/P2033_instance_color_RGB.png
train/img/P2034.png	train/label/P2034_instance_color_RGB.png
train/img/P2036.png	train/label/P2036_instance_color_RGB.png
train/img/P2038.png	train/label/P2038_instance_color_RGB.png
train/img/P2039.png	train/label/P2039_instance_color_RGB.png
train/img/P2045.png	train/label/P2045_instance_color_RGB.png
train/img/P2047.png	train/label/P2047_instance_color_RGB.png
train/img/P2048.png	train/label/P2048_instance_color_RGB.png
train/img/P2049.png	train/label/P2049_instance_color_RGB.png
train/img/P2052.png	train/label/P2052_instance_color_RGB.png
train/img/P2053.png	train/label/P2053_instance_color_RGB.png
train/img/P2054.png	train/label/P2054_instance_color_RGB.png
train/img/P2055.png	train/label/P2055_instance_color_RGB.png
train/img/P2056.png	train/label/P2056_instance_color_RGB.png
train/img/P2057.png	train/label/P2057_instance_color_RGB.png
train/img/P2058.png	train/label/P2058_instance_color_RGB.png
train/img/P2060.png	train/label/P2060_instance_color_RGB.png
train/img/P2061.png	train/label/P2061_instance_color_RGB.png
train/img/P2062.png	train/label/P2062_instance_color_RGB.png
train/img/P2063.png	train/label/P2063_instance_color_RGB.png
train/img/P2065.png	train/label/P2065_instance_color_RGB.png
train/img/P2066.png	train/label/P2066_instance_color_RGB.png
train/img/P2067.png	train/label/P2067_instance_color_RGB.png
train/img/P2070.png	train/label/P2070_instance_color_RGB.png
train/img/P2071.png	train/label/P2071_instance_color_RGB.png
train/img/P2073.png	train/label/P2073_instance_color_RGB.png
train/img/P2074.png	train/label/P2074_instance_color_RGB.png
train/img/P2076.png	train/label/P2076_instance_color_RGB.png
train/img/P2077.png	train/label/P2077_instance_color_RGB.png
train/img/P2079.png	train/label/P2079_instance_color_RGB.png
train/img/P2080.png	train/label/P2080_instance_color_RGB.png
train/img/P2086.png	train/label/P2086_instance_color_RGB.png
train/img/P2087.png	train/label/P2087_instance_color_RGB.png
train/img/P2089.png	train/label/P2089_instance_color_RGB.png
train/img/P2090.png	train/label/P2090_instance_color_RGB.png
train/img/P2091.png	train/label/P2091_instance_color_RGB.png
train/img/P2095.png	train/label/P2095_instance_color_RGB.png
train/img/P2099.png	train/label/P2099_instance_color_RGB.png
train/img/P2100.png	train/label/P2100_instance_color_RGB.png
train/img/P2103.png	train/label/P2103_instance_color_RGB.png
train/img/P2106.png	train/label/P2106_instance_color_RGB.png
train/img/P2107.png	train/label/P2107_instance_color_RGB.png
train/img/P2109.png	train/label/P2109_instance_color_RGB.png
train/img/P2110.png	train/label/P2110_instance_color_RGB.png
train/img/P2114.png	train/label/P2114_instance_color_RGB.png
train/img/P2115.png	train/label/P2115_instance_color_RGB.png
train/img/P2116.png	train/label/P2116_instance_color_RGB.png
train/img/P2118.png	train/label/P2118_instance_color_RGB.png
train/img/P2122.png	train/label/P2122_instance_color_RGB.png
train/img/P2123.png	train/label/P2123_instance_color_RGB.png
train/img/P2125.png	train/label/P2125_instance_color_RGB.png
train/img/P2127.png	train/label/P2127_instance_color_RGB.png
train/img/P2130.png	train/label/P2130_instance_color_RGB.png
train/img/P2131.png	train/label/P2131_instance_color_RGB.png
train/img/P2132.png	train/label/P2132_instance_color_RGB.png
train/img/P2133.png	train/label/P2133_instance_color_RGB.png
train/img/P2134.png	train/label/P2134_instance_color_RGB.png
train/img/P2138.png	train/label/P2138_instance_color_RGB.png
train/img/P2141.png	train/label/P2141_instance_color_RGB.png
train/img/P2142.png	train/label/P2142_instance_color_RGB.png
train/img/P2143.png	train/label/P2143_instance_color_RGB.png
train/img/P2144.png	train/label/P2144_instance_color_RGB.png
train/img/P2145.png	train/label/P2145_instance_color_RGB.png
train/img/P2148.png	train/label/P2148_instance_color_RGB.png
train/img/P2149.png	train/label/P2149_instance_color_RGB.png
train/img/P2151.png	train/label/P2151_instance_color_RGB.png
train/img/P2154.png	train/label/P2154_instance_color_RGB.png
train/img/P2156.png	train/label/P2156_instance_color_RGB.png
train/img/P2157.png	train/label/P2157_instance_color_RGB.png
train/img/P2158.png	train/label/P2158_instance_color_RGB.png
train/img/P2159.png	train/label/P2159_instance_color_RGB.png
train/img/P2160.png	train/label/P2160_instance_color_RGB.png
train/img/P2162.png	train/label/P2162_instance_color_RGB.png
train/img/P2163.png	train/label/P2163_instance_color_RGB.png
train/img/P2164.png	train/label/P2164_instance_color_RGB.png
train/img/P2173.png	train/label/P2173_instance_color_RGB.png
train/img/P2175.png	train/label/P2175_instance_color_RGB.png
train/img/P2177.png	train/label/P2177_instance_color_RGB.png
train/img/P2179.png	train/label/P2179_instance_color_RGB.png
train/img/P2180.png	train/label/P2180_instance_color_RGB.png
train/img/P2182.png	train/label/P2182_instance_color_RGB.png
train/img/P2184.png	train/label/P2184_instance_color_RGB.png
train/img/P2185.png	train/label/P2185_instance_color_RGB.png
train/img/P2189.png	train/label/P2189_instance_color_RGB.png
train/img/P2190.png	train/label/P2190_instance_color_RGB.png
train/img/P2191.png	train/label/P2191_instance_color_RGB.png
train/img/P2192.png	train/label/P2192_instance_color_RGB.png
train/img/P2196.png	train/label/P2196_instance_color_RGB.png
train/img/P2199.png	train/label/P2199_instance_color_RGB.png
train/img/P2201.png	train/label/P2201_instance_color_RGB.png
train/img/P2203.png	train/label/P2203_instance_color_RGB.png
train/img/P2204.png	train/label/P2204_instance_color_RGB.png
train/img/P2205.png	train/label/P2205_instance_color_RGB.png
train/img/P2206.png	train/label/P2206_instance_color_RGB.png
train/img/P2207.png	train/label/P2207_instance_color_RGB.png
train/img/P2210.png	train/label/P2210_instance_color_RGB.png
train/img/P2211.png	train/label/P2211_instance_color_RGB.png
train/img/P2213.png	train/label/P2213_instance_color_RGB.png
train/img/P2217.png	train/label/P2217_instance_color_RGB.png
train/img/P2219.png	train/label/P2219_instance_color_RGB.png
train/img/P2221.png	train/label/P2221_instance_color_RGB.png
train/img/P2222.png	train/label/P2222_instance_color_RGB.png
train/img/P2224.png	train/label/P2224_instance_color_RGB.png
train/img/P2225.png	train/label/P2225_instance_color_RGB.png
train/img/P2226.png	train/label/P2226_instance_color_RGB.png
train/img/P2227.png	train/label/P2227_instance_color_RGB.png
train/img/P2228.png	train/label/P2228_instance_color_RGB.png
train/img/P2232.png	train/label/P2232_instance_color_RGB.png
train/img/P2234.png	train/label/P2234_instance_color_RGB.png
train/img/P2235.png	train/label/P2235_instance_color_RGB.png
train/img/P2237.png	train/label/P2237_instance_color_RGB.png
train/img/P2240.png	train/label/P2240_instance_color_RGB.png
train/img/P2243.png	train/label/P2243_instance_color_RGB.png
train/img/P2244.png	train/label/P2244_instance_color_RGB.png
train/img/P2245.png	train/label/P2245_instance_color_RGB.png
train/img/P2247.png	train/label/P2247_instance_color_RGB.png
train/img/P2248.png	train/label/P2248_instance_color_RGB.png
train/img/P2249.png	train/label/P2249_instance_color_RGB.png
train/img/P2250.png	train/label/P2250_instance_color_RGB.png
train/img/P2251.png	train/label/P2251_instance_color_RGB.png
train/img/P2253.png	train/label/P2253_instance_color_RGB.png
train/img/P2257.png	train/label/P2257_instance_color_RGB.png
train/img/P2258.png	train/label/P2258_instance_color_RGB.png
train/img/P2259.png	train/label/P2259_instance_color_RGB.png
train/img/P2260.png	train/label/P2260_instance_color_RGB.png
train/img/P2262.png	train/label/P2262_instance_color_RGB.png
train/img/P2264.png	train/label/P2264_instance_color_RGB.png
train/img/P2266.png	train/label/P2266_instance_color_RGB.png
train/img/P2269.png	train/label/P2269_instance_color_RGB.png
train/img/P2270.png	train/label/P2270_instance_color_RGB.png
train/img/P2275.png	train/label/P2275_instance_color_RGB.png
train/img/P2278.png	train/label/P2278_instance_color_RGB.png
train/img/P2279.png	train/label/P2279_instance_color_RGB.png
train/img/P2280.png	train/label/P2280_instance_color_RGB.png
train/img/P2281.png	train/label/P2281_instance_color_RGB.png
train/img/P2282.png	train/label/P2282_instance_color_RGB.png
train/img/P2283.png	train/label/P2283_instance_color_RGB.png
train/img/P2287.png	train/label/P2287_instance_color_RGB.png
train/img/P2288.png	train/label/P2288_instance_color_RGB.png
train/img/P2289.png	train/label/P2289_instance_color_RGB.png
train/img/P2301.png	train/label/P2301_instance_color_RGB.png
train/img/P2302.png	train/label/P2302_instance_color_RGB.png
train/img/P2303.png	train/label/P2303_instance_color_RGB.png
train/img/P2304.png	train/label/P2304_instance_color_RGB.png
train/img/P2305.png	train/label/P2305_instance_color_RGB.png
train/img/P2306.png	train/label/P2306_instance_color_RGB.png
train/img/P2309.png	train/label/P2309_instance_color_RGB.png
train/img/P2311.png	train/label/P2311_instance_color_RGB.png
train/img/P2313.png	train/label/P2313_instance_color_RGB.png
train/img/P2319.png	train/label/P2319_instance_color_RGB.png
train/img/P2321.png	train/label/P2321_instance_color_RGB.png
train/img/P2324.png	train/label/P2324_instance_color_RGB.png
train/img/P2326.png	train/label/P2326_instance_color_RGB.png
train/img/P2327.png	train/label/P2327_instance_color_RGB.png
train/img/P2328.png	train/label/P2328_instance_color_RGB.png
train/img/P2332.png	train/label/P2332_instance_color_RGB.png
train/img/P2334.png	train/label/P2334_instance_color_RGB.png
train/img/P2335.png	train/label/P2335_instance_color_RGB.png
train/img/P2339.png	train/label/P2339_instance_color_RGB.png
train/img/P2343.png	train/label/P2343_instance_color_RGB.png
train/img/P2344.png	train/label/P2344_instance_color_RGB.png
train/img/P2346.png	train/label/P2346_instance_color_RGB.png
train/img/P2348.png	train/label/P2348_instance_color_RGB.png
train/img/P2349.png	train/label/P2349_instance_color_RGB.png
train/img/P2352.png	train/label/P2352_instance_color_RGB.png
train/img/P2354.png	train/label/P2354_instance_color_RGB.png
train/img/P2355.png	train/label/P2355_instance_color_RGB.png
train/img/P2356.png	train/label/P2356_instance_color_RGB.png
train/img/P2359.png	train/label/P2359_instance_color_RGB.png
train/img/P2362.png	train/label/P2362_instance_color_RGB.png
train/img/P2364.png	train/label/P2364_instance_color_RGB.png
train/img/P2368.png	train/label/P2368_instance_color_RGB.png
train/img/P2370.png	train/label/P2370_instance_color_RGB.png
train/img/P2371.png	train/label/P2371_instance_color_RGB.png
train/img/P2373.png	train/label/P2373_instance_color_RGB.png
train/img/P2377.png	train/label/P2377_instance_color_RGB.png
train/img/P2379.png	train/label/P2379_instance_color_RGB.png
train/img/P2380.png	train/label/P2380_instance_color_RGB.png
train/img/P2381.png	train/label/P2381_instance_color_RGB.png
train/img/P2382.png	train/label/P2382_instance_color_RGB.png
train/img/P2387.png	train/label/P2387_instance_color_RGB.png
train/img/P2388.png	train/label/P2388_instance_color_RGB.png
train/img/P2389.png	train/label/P2389_instance_color_RGB.png
train/img/P2390.png	train/label/P2390_instance_color_RGB.png
train/img/P2392.png	train/label/P2392_instance_color_RGB.png
train/img/P2395.png	train/label/P2395_instance_color_RGB.png
train/img/P2396.png	train/label/P2396_instance_color_RGB.png
train/img/P2397.png	train/label/P2397_instance_color_RGB.png
train/img/P2401.png	train/label/P2401_instance_color_RGB.png
train/img/P2403.png	train/label/P2403_instance_color_RGB.png
train/img/P2409.png	train/label/P2409_instance_color_RGB.png
train/img/P2411.png	train/label/P2411_instance_color_RGB.png
train/img/P2415.png	train/label/P2415_instance_color_RGB.png
train/img/P2416.png	train/label/P2416_instance_color_RGB.png
train/img/P2417.png	train/label/P2417_instance_color_RGB.png
train/img/P2418.png	train/label/P2418_instance_color_RGB.png
train/img/P2419.png	train/label/P2419_instance_color_RGB.png
train/img/P2421.png	train/label/P2421_instance_color_RGB.png
train/img/P2422.png	train/label/P2422_instance_color_RGB.png
train/img/P2423.png	train/label/P2423_instance_color_RGB.png
train/img/P2426.png	train/label/P2426_instance_color_RGB.png
train/img/P2427.png	train/label/P2427_instance_color_RGB.png
train/img/P2428.png	train/label/P2428_instance_color_RGB.png
train/img/P2430.png	train/label/P2430_instance_color_RGB.png
train/img/P2432.png	train/label/P2432_instance_color_RGB.png
train/img/P2433.png	train/label/P2433_instance_color_RGB.png
train/img/P2435.png	train/label/P2435_instance_color_RGB.png
train/img/P2436.png	train/label/P2436_instance_color_RGB.png
train/img/P2437.png	train/label/P2437_instance_color_RGB.png
train/img/P2438.png	train/label/P2438_instance_color_RGB.png
train/img/P2442.png	train/label/P2442_instance_color_RGB.png
train/img/P2444.png	train/label/P2444_instance_color_RGB.png
train/img/P2452.png	train/label/P2452_instance_color_RGB.png
train/img/P2453.png	train/label/P2453_instance_color_RGB.png
train/img/P2454.png	train/label/P2454_instance_color_RGB.png
train/img/P2456.png	train/label/P2456_instance_color_RGB.png
train/img/P2457.png	train/label/P2457_instance_color_RGB.png
train/img/P2458.png	train/label/P2458_instance_color_RGB.png
train/img/P2460.png	train/label/P2460_instance_color_RGB.png
train/img/P2464.png	train/label/P2464_instance_color_RGB.png
train/img/P2465.png	train/label/P2465_instance_color_RGB.png
train/img/P2466.png	train/label/P2466_instance_color_RGB.png
train/img/P2467.png	train/label/P2467_instance_color_RGB.png
train/img/P2468.png	train/label/P2468_instance_color_RGB.png
train/img/P2469.png	train/label/P2469_instance_color_RGB.png
train/img/P2470.png	train/label/P2470_instance_color_RGB.png
train/img/P2471.png	train/label/P2471_instance_color_RGB.png
train/img/P2472.png	train/label/P2472_instance_color_RGB.png
train/img/P2475.png	train/label/P2475_instance_color_RGB.png
train/img/P2476.png	train/label/P2476_instance_color_RGB.png
train/img/P2479.png	train/label/P2479_instance_color_RGB.png
train/img/P2482.png	train/label/P2482_instance_color_RGB.png
train/img/P2483.png	train/label/P2483_instance_color_RGB.png
train/img/P2485.png	train/label/P2485_instance_color_RGB.png
train/img/P2490.png	train/label/P2490_instance_color_RGB.png
train/img/P2491.png	train/label/P2491_instance_color_RGB.png
train/img/P2492.png	train/label/P2492_instance_color_RGB.png
train/img/P2494.png	train/label/P2494_instance_color_RGB.png
train/img/P2495.png	train/label/P2495_instance_color_RGB.png
train/img/P2496.png	train/label/P2496_instance_color_RGB.png
train/img/P2497.png	train/label/P2497_instance_color_RGB.png
train/img/P2501.png	train/label/P2501_instance_color_RGB.png
train/img/P2503.png	train/label/P2503_instance_color_RGB.png
train/img/P2505.png	train/label/P2505_instance_color_RGB.png
train/img/P2506.png	train/label/P2506_instance_color_RGB.png
train/img/P2507.png	train/label/P2507_instance_color_RGB.png
train/img/P2509.png	train/label/P2509_instance_color_RGB.png
train/img/P2512.png	train/label/P2512_instance_color_RGB.png
train/img/P2513.png	train/label/P2513_instance_color_RGB.png
train/img/P2514.png	train/label/P2514_instance_color_RGB.png
train/img/P2516.png	train/label/P2516_instance_color_RGB.png
train/img/P2517.png	train/label/P2517_instance_color_RGB.png
train/img/P2518.png	train/label/P2518_instance_color_RGB.png
train/img/P2519.png	train/label/P2519_instance_color_RGB.png
train/img/P2520.png	train/label/P2520_instance_color_RGB.png
train/img/P2522.png	train/label/P2522_instance_color_RGB.png
train/img/P2523.png	train/label/P2523_instance_color_RGB.png
train/img/P2527.png	train/label/P2527_instance_color_RGB.png
train/img/P2528.png	train/label/P2528_instance_color_RGB.png
train/img/P2529.png	train/label/P2529_instance_color_RGB.png
train/img/P2531.png	train/label/P2531_instance_color_RGB.png
train/img/P2532.png	train/label/P2532_instance_color_RGB.png
train/img/P2533.png	train/label/P2533_instance_color_RGB.png
train/img/P2534.png	train/label/P2534_instance_color_RGB.png
train/img/P2536.png	train/label/P2536_instance_color_RGB.png
train/img/P2538.png	train/label/P2538_instance_color_RGB.png
train/img/P2543.png	train/label/P2543_instance_color_RGB.png
train/img/P2545.png	train/label/P2545_instance_color_RGB.png
train/img/P2548.png	train/label/P2548_instance_color_RGB.png
train/img/P2550.png	train/label/P2550_instance_color_RGB.png
train/img/P2551.png	train/label/P2551_instance_color_RGB.png
train/img/P2552.png	train/label/P2552_instance_color_RGB.png
train/img/P2553.png	train/label/P2553_instance_color_RGB.png
train/img/P2554.png	train/label/P2554_instance_color_RGB.png
train/img/P2557.png	train/label/P2557_instance_color_RGB.png
train/img/P2558.png	train/label/P2558_instance_color_RGB.png
train/img/P2560.png	train/label/P2560_instance_color_RGB.png
train/img/P2561.png	train/label/P2561_instance_color_RGB.png
train/img/P2565.png	train/label/P2565_instance_color_RGB.png
train/img/P2566.png	train/label/P2566_instance_color_RGB.png
train/img/P2569.png	train/label/P2569_instance_color_RGB.png
train/img/P2572.png	train/label/P2572_instance_color_RGB.png
train/img/P2576.png	train/label/P2576_instance_color_RGB.png
train/img/P2578.png	train/label/P2578_instance_color_RGB.png
train/img/P2579.png	train/label/P2579_instance_color_RGB.png
train/img/P2584.png	train/label/P2584_instance_color_RGB.png
train/img/P2585.png	train/label/P2585_instance_color_RGB.png
train/img/P2590.png	train/label/P2590_instance_color_RGB.png
train/img/P2591.png	train/label/P2591_instance_color_RGB.png
train/img/P2594.png	train/label/P2594_instance_color_RGB.png
train/img/P2597.png	train/label/P2597_instance_color_RGB.png
train/img/P2600.png	train/label/P2600_instance_color_RGB.png
train/img/P2601.png	train/label/P2601_instance_color_RGB.png
train/img/P2604.png	train/label/P2604_instance_color_RGB.png
train/img/P2605.png	train/label/P2605_instance_color_RGB.png
train/img/P2606.png	train/label/P2606_instance_color_RGB.png
train/img/P2609.png	train/label/P2609_instance_color_RGB.png
train/img/P2611.png	train/label/P2611_instance_color_RGB.png
train/img/P2612.png	train/label/P2612_instance_color_RGB.png
train/img/P2613.png	train/label/P2613_instance_color_RGB.png
train/img/P2614.png	train/label/P2614_instance_color_RGB.png
train/img/P2615.png	train/label/P2615_instance_color_RGB.png
train/img/P2616.png	train/label/P2616_instance_color_RGB.png
train/img/P2618.png	train/label/P2618_instance_color_RGB.png
train/img/P2621.png	train/label/P2621_instance_color_RGB.png
train/img/P2622.png	train/label/P2622_instance_color_RGB.png
train/img/P2626.png	train/label/P2626_instance_color_RGB.png
train/img/P2627.png	train/label/P2627_instance_color_RGB.png
train/img/P2628.png	train/label/P2628_instance_color_RGB.png
train/img/P2629.png	train/label/P2629_instance_color_RGB.png
train/img/P2631.png	train/label/P2631_instance_color_RGB.png
train/img/P2632.png	train/label/P2632_instance_color_RGB.png
train/img/P2634.png	train/label/P2634_instance_color_RGB.png
train/img/P2637.png	train/label/P2637_instance_color_RGB.png
train/img/P2638.png	train/label/P2638_instance_color_RGB.png
train/img/P2639.png	train/label/P2639_instance_color_RGB.png
train/img/P2641.png	train/label/P2641_instance_color_RGB.png
train/img/P2642.png	train/label/P2642_instance_color_RGB.png
train/img/P2644.png	train/label/P2644_instance_color_RGB.png
train/img/P2646.png	train/label/P2646_instance_color_RGB.png
train/img/P2650.png	train/label/P2650_instance_color_RGB.png
train/img/P2651.png	train/label/P2651_instance_color_RGB.png
train/img/P2653.png	train/label/P2653_instance_color_RGB.png
train/img/P2655.png	train/label/P2655_instance_color_RGB.png
train/img/P2656.png	train/label/P2656_instance_color_RGB.png
train/img/P2657.png	train/label/P2657_instance_color_RGB.png
train/img/P2659.png	train/label/P2659_instance_color_RGB.png
train/img/P2662.png	train/label/P2662_instance_color_RGB.png
train/img/P2663.png	train/label/P2663_instance_color_RGB.png
train/img/P2664.png	train/label/P2664_instance_color_RGB.png
train/img/P2665.png	train/label/P2665_instance_color_RGB.png
train/img/P2668.png	train/label/P2668_instance_color_RGB.png
train/img/P2669.png	train/label/P2669_instance_color_RGB.png
train/img/P2670.png	train/label/P2670_instance_color_RGB.png
train/img/P2671.png	train/label/P2671_instance_color_RGB.png
train/img/P2672.png	train/label/P2672_instance_color_RGB.png
train/img/P2673.png	train/label/P2673_instance_color_RGB.png
train/img/P2674.png	train/label/P2674_instance_color_RGB.png
train/img/P2676.png	train/label/P2676_instance_color_RGB.png
train/img/P2680.png	train/label/P2680_instance_color_RGB.png
train/img/P2681.png	train/label/P2681_instance_color_RGB.png
train/img/P2682.png	train/label/P2682_instance_color_RGB.png
train/img/P2685.png	train/label/P2685_instance_color_RGB.png
train/img/P2686.png	train/label/P2686_instance_color_RGB.png
train/img/P2687.png	train/label/P2687_instance_color_RGB.png
train/img/P2690.png	train/label/P2690_instance_color_RGB.png
train/img/P2691.png	train/label/P2691_instance_color_RGB.png
train/img/P2692.png	train/label/P2692_instance_color_RGB.png
train/img/P2693.png	train/label/P2693_instance_color_RGB.png
train/img/P2696.png	train/label/P2696_instance_color_RGB.png
train/img/P2700.png	train/label/P2700_instance_color_RGB.png
train/img/P2702.png	train/label/P2702_instance_color_RGB.png
train/img/P2704.png	train/label/P2704_instance_color_RGB.png
train/img/P2705.png	train/label/P2705_instance_color_RGB.png
train/img/P2706.png	train/label/P2706_instance_color_RGB.png
train/img/P2708.png	train/label/P2708_instance_color_RGB.png
train/img/P2710.png	train/label/P2710_instance_color_RGB.png
train/img/P2712.png	train/label/P2712_instance_color_RGB.png
train/img/P2716.png	train/label/P2716_instance_color_RGB.png
train/img/P2719.png	train/label/P2719_instance_color_RGB.png
train/img/P2720.png	train/label/P2720_instance_color_RGB.png
train/img/P2725.png	train/label/P2725_instance_color_RGB.png
train/img/P2727.png	train/label/P2727_instance_color_RGB.png
train/img/P2728.png	train/label/P2728_instance_color_RGB.png
train/img/P2729.png	train/label/P2729_instance_color_RGB.png
train/img/P2730.png	train/label/P2730_instance_color_RGB.png
train/img/P2731.png	train/label/P2731_instance_color_RGB.png
train/img/P2732.png	train/label/P2732_instance_color_RGB.png
train/img/P2734.png	train/label/P2734_instance_color_RGB.png
train/img/P2735.png	train/label/P2735_instance_color_RGB.png
train/img/P2739.png	train/label/P2739_instance_color_RGB.png
train/img/P2740.png	train/label/P2740_instance_color_RGB.png
train/img/P2741.png	train/label/P2741_instance_color_RGB.png
train/img/P2742.png	train/label/P2742_instance_color_RGB.png
train/img/P2743.png	train/label/P2743_instance_color_RGB.png
train/img/P2746.png	train/label/P2746_instance_color_RGB.png
train/img/P2747.png	train/label/P2747_instance_color_RGB.png
train/img/P2748.png	train/label/P2748_instance_color_RGB.png
train/img/P2750.png	train/label/P2750_instance_color_RGB.png
train/img/P2751.png	train/label/P2751_instance_color_RGB.png
train/img/P2753.png	train/label/P2753_instance_color_RGB.png
train/img/P2755.png	train/label/P2755_instance_color_RGB.png
train/img/P2756.png	train/label/P2756_instance_color_RGB.png
train/img/P2759.png	train/label/P2759_instance_color_RGB.png
train/img/P2761.png	train/label/P2761_instance_color_RGB.png
train/img/P2764.png	train/label/P2764_instance_color_RGB.png
train/img/P2769.png	train/label/P2769_instance_color_RGB.png
train/img/P2770.png	train/label/P2770_instance_color_RGB.png
train/img/P2775.png	train/label/P2775_instance_color_RGB.png
train/img/P2777.png	train/label/P2777_instance_color_RGB.png
train/img/P2783.png	train/label/P2783_instance_color_RGB.png
train/img/P2787.png	train/label/P2787_instance_color_RGB.png
train/img/P2788.png	train/label/P2788_instance_color_RGB.png
train/img/P2790.png	train/label/P2790_instance_color_RGB.png
train/img/P2792.png	train/label/P2792_instance_color_RGB.png
train/img/P2793.png	train/label/P2793_instance_color_RGB.png
train/img/P2797.png	train/label/P2797_instance_color_RGB.png
train/img/P2800.png	train/label/P2800_instance_color_RGB.png
train/img/P2801.png	train/label/P2801_instance_color_RGB.png
train/img/P2804.png	train/label/P2804_instance_color_RGB.png
train/img/P2805.png	train/label/P2805_instance_color_RGB.png