valid/img/P0003.png	valid/label/P0003_instance_color_RGB.png
valid/img/P0004.png	valid/label/P0004_instance_color_RGB.png
valid/img/P0007.png	valid/label/P0007_instance_color_RGB.png
valid/img/P0019.png	valid/label/P0019_instance_color_RGB.png
valid/img/P0027.png	valid/label/P0027_instance_color_RGB.png
valid/img/P0047.png	valid/label/P0047_instance_color_RGB.png
valid/img/P0053.png	valid/label/P0053_instance_color_RGB.png
valid/img/P0056.png	valid/label/P0056_instance_color_RGB.png
valid/img/P0060.png	valid/label/P0060_instance_color_RGB.png
valid/img/P0075.png	valid/label/P0075_instance_color_RGB.png
valid/img/P0079.png	valid/label/P0079_instance_color_RGB.png
valid/img/P0081.png	valid/label/P0081_instance_color_RGB.png
valid/img/P0086.png	valid/label/P0086_instance_color_RGB.png
valid/img/P0104.png	valid/label/P0104_instance_color_RGB.png
valid/img/P0110.png	valid/label/P0110_instance_color_RGB.png
valid/img/P0117.png	valid/label/P0117_instance_color_RGB.png
valid/img/P0123.png	valid/label/P0123_instance_color_RGB.png
valid/img/P0128.png	valid/label/P0128_instance_color_RGB.png
valid/img/P0130.png	valid/label/P0130_instance_color_RGB.png
valid/img/P0131.png	valid/label/P0131_instance_color_RGB.png
valid/img/P0143.png	valid/label/P0143_instance_color_RGB.png
valid/img/P0146.png	valid/label/P0146_instance_color_RGB.png
valid/img/P0150.png	valid/label/P0150_instance_color_RGB.png
valid/img/P0161.png	valid/label/P0161_instance_color_RGB.png
valid/img/P0168.png	valid/label/P0168_instance_color_RGB.png
valid/img/P0170.png	valid/label/P0170_instance_color_RGB.png
valid/img/P0173.png	valid/label/P0173_instance_color_RGB.png
valid/img/P0175.png	valid/label/P0175_instance_color_RGB.png
valid/img/P0179.png	valid/label/P0179_instance_color_RGB.png
valid/img/P0186.png	valid/label/P0186_instance_color_RGB.png
valid/img/P0189.png	valid/label/P0189_instance_color_RGB.png
valid/img/P0194.png	valid/label/P0194_instance_color_RGB.png
valid/img/P0198.png	valid/label/P0198_instance_color_RGB.png
valid/img/P0199.png	valid/label/P0199_instance_color_RGB.png
valid/img/P0206.png	valid/label/P0206_instance_color_RGB.png
valid/img/P0213.png	valid/label/P0213_instance_color_RGB.png
valid/img/P0217.png	valid/label/P0217_instance_color_RGB.png
valid/img/P0228.png	valid/label/P0228_instance_color_RGB.png
valid/img/P0237.png	valid/label/P0237_instance_color_RGB.png
valid/img/P0242.png	valid/label/P0242_instance_color_RGB.png
valid/img/P0246.png	valid/label/P0246_instance_color_RGB.png
valid/img/P0249.png	valid/label/P0249_instance_color_RGB.png
valid/img/P0257.png	valid/label/P0257_instance_color_RGB.png
valid/img/P0259.png	valid/label/P0259_instance_color_RGB.png
valid/img/P0261.png	valid/label/P0261_instance_color_RGB.png
valid/img/P0262.png	valid/label/P0262_instance_color_RGB.png
valid/img/P0300.png	valid/label/P0300_instance_color_RGB.png
valid/img/P0305.png	valid/label/P0305_instance_color_RGB.png
valid/img/P0309.png	valid/label/P0309_instance_color_RGB.png
valid/img/P0329.png	valid/label/P0329_instance_color_RGB.png
valid/img/P0331.png	valid/label/P0331_instance_color_RGB.png
valid/img/P0336.png	valid/label/P0336_instance_color_RGB.png
valid/img/P0342.png	valid/label/P0342_instance_color_RGB.png
valid/img/P0347.png	valid/label/P0347_instance_color_RGB.png
valid/img/P0348.png	valid/label/P0348_instance_color_RGB.png
valid/img/P0352.png	valid/label/P0352_instance_color_RGB.png
valid/img/P0353.png	valid/label/P0353_instance_color_RGB.png
valid/img/P0359.png	valid/label/P0359_instance_color_RGB.png
valid/img/P0368.png	valid/label/P0368_instance_color_RGB.png
valid/img/P0374.png	valid/label/P0374_instance_color_RGB.png
valid/img/P0375.png	valid/label/P0375_instance_color_RGB.png
valid/img/P0377.png	valid/label/P0377_instance_color_RGB.png
valid/img/P0382.png	valid/label/P0382_instance_color_RGB.png
valid/img/P0385.png	valid/label/P0385_instance_color_RGB.png
valid/img/P0396.png	valid/label/P0396_instance_color_RGB.png
valid/img/P0402.png	valid/label/P0402_instance_color_RGB.png
valid/img/P0411.png	valid/label/P0411_instance_color_RGB.png
valid/img/P0414.png	valid/label/P0414_instance_color_RGB.png
valid/img/P0420.png	valid/label/P0420_instance_color_RGB.png
valid/img/P0432.png	valid/label/P0432_instance_color_RGB.png
valid/img/P0454.png	valid/label/P0454_instance_color_RGB.png
valid/img/P0457.png	valid/label/P0457_instance_color_RGB.png
valid/img/P0466.png	valid/label/P0466_instance_color_RGB.png
valid/img/P0476.png	valid/label/P0476_instance_color_RGB.png
valid/img/P0486.png	valid/label/P0486_instance_color_RGB.png
valid/img/P0491.png	valid/label/P0491_instance_color_RGB.png
valid/img/P0499.png	valid/label/P0499_instance_color_RGB.png
valid/img/P0518.png	valid/label/P0518_instance_color_RGB.png
valid/img/P0524.png	valid/label/P0524_instance_color_RGB.png
valid/img/P0525.png	valid/label/P0525_instance_color_RGB.png
valid/img/P0526.png	valid/label/P0526_instance_color_RGB.png
valid/img/P0543.png	valid/label/P0543_instance_color_RGB.png
valid/img/P0547.png	valid/label/P0547_instance_color_RGB.png
valid/img/P0550.png	valid/label/P0550_instance_color_RGB.png
valid/img/P0551.png	valid/label/P0551_instance_color_RGB.png
valid/img/P0557.png	valid/label/P0557_instance_color_RGB.png
valid/img/P0558.png	valid/label/P0558_instance_color_RGB.png
valid/img/P0559.png	valid/label/P0559_instance_color_RGB.png
valid/img/P0564.png	valid/label/P0564_instance_color_RGB.png
valid/img/P0577.png	valid/label/P0577_instance_color_RGB.png
valid/img/P0579.png	valid/label/P0579_instance_color_RGB.png
valid/img/P0583.png	valid/label/P0583_instance_color_RGB.png
valid/img/P0589.png	valid/label/P0589_instance_color_RGB.png
valid/img/P0590.png	valid/label/P0590_instance_color_RGB.png
valid/img/P0604.png	valid/label/P0604_instance_color_RGB.png
valid/img/P0613.png	valid/label/P0613_instance_color_RGB.png
valid/img/P0615.png	valid/label/P0615_instance_color_RGB.png
valid/img/P0622.png	valid/label/P0622_instance_color_RGB.png
valid/img/P0623.png	valid/label/P0623_instance_color_RGB.png
valid/img/P0643.png	valid/label/P0643_instance_color_RGB.png
valid/img/P0647.png	valid/label/P0647_instance_color_RGB.png
valid/img/P0650.png	valid/label/P0650_instance_color_RGB.png
valid/img/P0651.png	valid/label/P0651_instance_color_RGB.png
valid/img/P0654.png	valid/label/P0654_instance_color_RGB.png
valid/img/P0659.png	valid/label/P0659_instance_color_RGB.png
valid/img/P0660.png	valid/label/P0660_instance_color_RGB.png
valid/img/P0665.png	valid/label/P0665_instance_color_RGB.png
valid/img/P0673.png	valid/label/P0673_instance_color_RGB.png
valid/img/P0683.png	valid/label/P0683_instance_color_RGB.png
valid/img/P0684.png	valid/label/P0684_instance_color_RGB.png
valid/img/P0696.png	valid/label/P0696_instance_color_RGB.png
valid/img/P0704.png	valid/label/P0704_instance_color_RGB.png
valid/img/P0706.png	valid/label/P0706_instance_color_RGB.png
valid/img/P0712.png	valid/label/P0712_instance_color_RGB.png
valid/img/P0715.png	valid/label/P0715_instance_color_RGB.png
valid/img/P0725.png	valid/label/P0725_instance_color_RGB.png
valid/img/P0729.png	valid/label/P0729_instance_color_RGB.png
valid/img/P0749.png	valid/label/P0749_instance_color_RGB.png
valid/img/P0761.png	valid/label/P0761_instance_color_RGB.png
valid/img/P0763.png	valid/label/P0763_instance_color_RGB.png
valid/img/P0764.png	valid/label/P0764_instance_color_RGB.png
valid/img/P0770.png	valid/label/P0770_instance_color_RGB.png
valid/img/P0787.png	valid/label/P0787_instance_color_RGB.png
valid/img/P0789.png	valid/label/P0789_instance_color_RGB.png
valid/img/P0791.png	valid/label/P0791_instance_color_RGB.png
valid/img/P0795.png	valid/label/P0795_instance_color_RGB.png
valid/img/P0796.png	valid/label/P0796_instance_color_RGB.png
valid/img/P0799.png	valid/label/P0799_instance_color_RGB.png
valid/img/P0801.png	valid/label/P0801_instance_color_RGB.png
valid/img/P0814.png	valid/label/P0814_instance_color_RGB.png
valid/img/P0815.png	valid/label/P0815_instance_color_RGB.png
valid/img/P0816.png	valid/label/P0816_instance_color_RGB.png
valid/img/P0822.png	valid/label/P0822_instance_color_RGB.png
valid/img/P0833.png	valid/label/P0833_instance_color_RGB.png
valid/img/P0837.png	valid/label/P0837_instance_color_RGB.png
valid/img/P0838.png	valid/label/P0838_instance_color_RGB.png
valid/img/P0839.png	valid/label/P0839_instance_color_RGB.png
valid/img/P0841.png	valid/label/P0841_instance_color_RGB.png
valid/img/P0844.png	valid/label/P0844_instance_color_RGB.png
valid/img/P0858.png	valid/label/P0858_instance_color_RGB.png
valid/img/P0864.png	valid/label/P0864_instance_color_RGB.png
valid/img/P0882.png	valid/label/P0882_instance_color_RGB.png
valid/img/P0887.png	valid/label/P0887_instance_color_RGB.png
valid/img/P0897.png	valid/label/P0897_instance_color_RGB.png
valid/img/P0904.png	valid/label/P0904_instance_color_RGB.png
valid/img/P0910.png	valid/label/P0910_instance_color_RGB.png
valid/img/P0929.png	valid/label/P0929_instance_color_RGB.png
valid/img/P0932.png	valid/label/P0932_instance_color_RGB.png
valid/img/P0936.png	valid/label/P0936_instance_color_RGB.png
valid/img/P0945.png	valid/label/P0945_instance_color_RGB.png
valid/img/P0949.png	valid/label/P0949_instance_color_RGB.png
valid/img/P0953.png	valid/label/P0953_instance_color_RGB.png
valid/img/P0961.png	valid/label/P0961_instance_color_RGB.png
valid/img/P0962.png	valid/label/P0962_instance_color_RGB.png
valid/img/P0964.png	valid/label/P0964_instance_color_RGB.png
valid/img/P0968.png	valid/label/P0968_instance_color_RGB.png
valid/img/P0969.png	valid/label/P0969_instance_color_RGB.png
valid/img/P0970.png	valid/label/P0970_instance_color_RGB.png
valid/img/P0974.png	valid/label/P0974_instance_color_RGB.png
valid/img/P0977.png	valid/label/P0977_instance_color_RGB.png
valid/img/P0989.png	valid/label/P0989_instance_color_RGB.png
valid/img/P0990.png	valid/label/P0990_instance_color_RGB.png
valid/img/P0998.png	valid/label/P0998_instance_color_RGB.png
valid/img/P1005.png	valid/label/P1005_instance_color_RGB.png
valid/img/P1007.png	valid/label/P1007_instance_color_RGB.png
valid/img/P1009.png	valid/label/P1009_instance_color_RGB.png
valid/img/P1014.png	valid/label/P1014_instance_color_RGB.png
valid/img/P1021.png	valid/label/P1021_instance_color_RGB.png
valid/img/P1022.png	valid/label/P1022_instance_color_RGB.png
valid/img/P1023.png	valid/label/P1023_instance_color_RGB.png
valid/img/P1029.png	valid/label/P1029_instance_color_RGB.png
valid/img/P1030.png	valid/label/P1030_instance_color_RGB.png
valid/img/P1051.png	valid/label/P1051_instance_color_RGB.png
valid/img/P1065.png	valid/label/P1065_instance_color_RGB.png
valid/img/P1066.png	valid/label/P1066_instance_color_RGB.png
valid/img/P1075.png	valid/label/P1075_instance_color_RGB.png
valid/img/P1086.png	valid/label/P1086_instance_color_RGB.png
valid/img/P1088.png	valid/label/P1088_instance_color_RGB.png
valid/img/P1090.png	valid/label/P1090_instance_color_RGB.png
valid/img/P1091.png	valid/label/P1091_instance_color_RGB.png
valid/img/P1095.png	valid/label/P1095_instance_color_RGB.png
valid/img/P1099.png	valid/label/P1099_instance_color_RGB.png
valid/img/P1101.png	valid/label/P1101_instance_color_RGB.png
valid/img/P1103.png	valid/label/P1103_instance_color_RGB.png
valid/img/P1122.png	valid/label/P1122_instance_color_RGB.png
valid/img/P1128.png	valid/label/P1128_instance_color_RGB.png
valid/img/P1133.png	valid/label/P1133_instance_color_RGB.png
valid/img/P1134.png	valid/label/P1134_instance_color_RGB.png
valid/img/P1137.png	valid/label/P1137_instance_color_RGB.png
valid/img/P1138.png	valid/label/P1138_instance_color_RGB.png
valid/img/P1143.png	valid/label/P1143_instance_color_RGB.png
valid/img/P1147.png	valid/label/P1147_instance_color_RGB.png
valid/img/P1149.png	valid/label/P1149_instance_color_RGB.png
valid/img/P1154.png	valid/label/P1154_instance_color_RGB.png
valid/img/P1156.png	valid/label/P1156_instance_color_RGB.png
valid/img/P1178.png	valid/label/P1178_instance_color_RGB.png
valid/img/P1179.png	valid/label/P1179_instance_color_RGB.png
valid/img/P1184.png	valid/label/P1184_instance_color_RGB.png
valid/img/P1189.png	valid/label/P1189_instance_color_RGB.png
valid/img/P1210.png	valid/label/P1210_instance_color_RGB.png
valid/img/P1212.png	valid/label/P1212_instance_color_RGB.png
valid/img/P1213.png	valid/label/P1213_instance_color_RGB.png
valid/img/P1219.png	valid/label/P1219_instance_color_RGB.png
valid/img/P1225.png	valid/label/P1225_instance_color_RGB.png
valid/img/P1230.png	valid/label/P1230_instance_color_RGB.png
valid/img/P1234.png	valid/label/P1234_instance_color_RGB.png
valid/img/P1240.png	valid/label/P1240_instance_color_RGB.png
valid/img/P1242.png	valid/label/P1242_instance_color_RGB.png
valid/img/P1246.png	valid/label/P1246_instance_color_RGB.png
valid/img/P1257.png	valid/label/P1257_instance_color_RGB.png
valid/img/P1266.png	valid/label/P1266_instance_color_RGB.png
valid/img/P1268.png	valid/label/P1268_instance_color_RGB.png
valid/img/P1269.png	valid/label/P1269_instance_color_RGB.png
valid/img/P1273.png	valid/label/P1273_instance_color_RGB.png
valid/img/P1275.png	valid/label/P1275_instance_color_RGB.png
valid/img/P1278.png	valid/label/P1278_instance_color_RGB.png
valid/img/P1283.png	valid/label/P1283_instance_color_RGB.png
valid/img/P1314.png	valid/label/P1314_instance_color_RGB.png
valid/img/P1315.png	valid/label/P1315_instance_color_RGB.png
valid/img/P1323.png	valid/label/P1323_instance_color_RGB.png
valid/img/P1332.png	valid/label/P1332_instance_color_RGB.png
valid/img/P1342.png	valid/label/P1342_instance_color_RGB.png
valid/img/P1356.png	valid/label/P1356_instance_color_RGB.png
valid/img/P1370.png	valid/label/P1370_instance_color_RGB.png
valid/img/P1371.png	valid/label/P1371_instance_color_RGB.png
valid/img/P1373.png	valid/label/P1373_instance_color_RGB.png
valid/img/P1376.png	valid/label/P1376_instance_color_RGB.png
valid/img/P1377.png	valid/label/P1377_instance_color_RGB.png
valid/img/P1380.png	valid/label/P1380_instance_color_RGB.png
valid/img/P1384.png	valid/label/P1384_instance_color_RGB.png
valid/img/P1386.png	valid/label/P1386_instance_color_RGB.png
valid/img/P1390.png	valid/label/P1390_instance_color_RGB.png
valid/img/P1397.png	valid/label/P1397_instance_color_RGB.png
valid/img/P1398.png	valid/label/P1398_instance_color_RGB.png
valid/img/P1410.png	valid/label/P1410_instance_color_RGB.png
valid/img/P1429.png	valid/label/P1429_instance_color_RGB.png
valid/img/P1432.png	valid/label/P1432_instance_color_RGB.png
valid/img/P1434.png	valid/label/P1434_instance_color_RGB.png
valid/img/P1440.png	valid/label/P1440_instance_color_RGB.png
valid/img/P1452.png	valid/label/P1452_instance_color_RGB.png
valid/img/P1456.png	valid/label/P1456_instance_color_RGB.png
valid/img/P1463.png	valid/label/P1463_instance_color_RGB.png
valid/img/P1471.png	valid/label/P1471_instance_color_RGB.png
valid/img/P1473.png	valid/label/P1473_instance_color_RGB.png
valid/img/P1474.png	valid/label/P1474_instance_color_RGB.png
valid/img/P1476.png	valid/label/P1476_instance_color_RGB.png
valid/img/P1478.png	valid/label/P1478_instance_color_RGB.png
valid/img/P1483.png	valid/label/P1483_instance_color_RGB.png
valid/img/P1492.png	valid/label/P1492_instance_color_RGB.png
valid/img/P1506.png	valid/label/P1506_instance_color_RGB.png
valid/img/P1508.png	valid/label/P1508_instance_color_RGB.png
valid/img/P1512.png	valid/label/P1512_instance_color_RGB.png
valid/img/P1513.png	valid/label/P1513_instance_color_RGB.png
valid/img/P1518.png	valid/label/P1518_instance_color_RGB.png
valid/img/P1529.png	valid/label/P1529_instance_color_RGB.png
valid/img/P1541.png	valid/label/P1541_instance_color_RGB.png
valid/img/P1542.png	valid/label/P1542_instance_color_RGB.png
valid/img/P1547.png	valid/label/P1547_instance_color_RGB.png
valid/img/P1557.png	valid/label/P1557_instance_color_RGB.png
valid/img/P1560.png	valid/label/P1560_instance_color_RGB.png
valid/img/P1561.png	valid/label/P1561_instance_color_RGB.png
valid/img/P1566.png	valid/label/P1566_instance_color_RGB.png
valid/img/P1569.png	valid/label/P1569_instance_color_RGB.png
valid/img/P1570.png	valid/label/P1570_instance_color_RGB.png
valid/img/P1573.png	valid/label/P1573_instance_color_RGB.png
valid/img/P1577.png	valid/label/P1577_instance_color_RGB.png
valid/img/P1579.png	valid/label/P1579_instance_color_RGB.png
valid/img/P1581.png	valid/label/P1581_instance_color_RGB.png
valid/img/P1583.png	valid/label/P1583_instance_color_RGB.png
valid/img/P1584.png	valid/label/P1584_instance_color_RGB.png
valid/img/P1586.png	valid/label/P1586_instance_color_RGB.png
valid/img/P1596.png	valid/label/P1596_instance_color_RGB.png
valid/img/P1598.png	valid/label/P1598_instance_color_RGB.png
valid/img/P1601.png	valid/label/P1601_instance_color_RGB.png
valid/img/P1604.png	valid/label/P1604_instance_color_RGB.png
valid/img/P1610.png	valid/label/P1610_instance_color_RGB.png
valid/img/P1619.png	valid/label/P1619_instance_color_RGB.png
valid/img/P1623.png	valid/label/P1623_instance_color_RGB.png
valid/img/P1643.png	valid/label/P1643_instance_color_RGB.png
valid/img/P1647.png	valid/label/P1647_instance_color_RGB.png
valid/img/P1650.png	valid/label/P1650_instance_color_RGB.png
valid/img/P1651.png	valid/label/P1651_instance_color_RGB.png
valid/img/P1666.png	valid/label/P1666_instance_color_RGB.png
valid/img/P1672.png	valid/label/P1672_instance_color_RGB.png
valid/img/P1679.png	valid/label/P1679_instance_color_RGB.png
valid/img/P1693.png	valid/label/P1693_instance_color_RGB.png
valid/img/P1699.png	valid/label/P1699_instance_color_RGB.png
valid/img/P1700.png	valid/label/P1700_instance_color_RGB.png
valid/img/P1713.png	valid/label/P1713_instance_color_RGB.png
valid/img/P1720.png	valid/label/P1720_instance_color_RGB.png
valid/img/P1732.png	valid/label/P1732_instance_color_RGB.png
valid/img/P1738.png	valid/label/P1738_instance_color_RGB.png
valid/img/P1742.png	valid/label/P1742_instance_color_RGB.png
valid/img/P1749.png	valid/label/P1749_instance_color_RGB.png
valid/img/P1750.png	valid/label/P1750_instance_color_RGB.png
valid/img/P1751.png	valid/label/P1751_instance_color_RGB.png
valid/img/P1752.png	valid/label/P1752_instance_color_RGB.png
valid/img/P1754.png	valid/label/P1754_instance_color_RGB.png
valid/img/P1759.png	valid/label/P1759_instance_color_RGB.png
valid/img/P1763.png	valid/label/P1763_instance_color_RGB.png
valid/img/P1770.png	valid/label/P1770_instance_color_RGB.png
valid/img/P1786.png	valid/label/P1786_instance_color_RGB.png
valid/img/P1787.png	valid/label/P1787_instance_color_RGB.png
valid/img/P1806.png	valid/label/P1806_instance_color_RGB.png
valid/img/P1809.png	valid/label/P1809_instance_color_RGB.png
valid/img/P1821.png	valid/label/P1821_instance_color_RGB.png
valid/img/P1825.png	valid/label/P1825_instance_color_RGB.png
valid/img/P1829.png	valid/label/P1829_instance_color_RGB.png
valid/img/P1838.png	valid/label/P1838_instance_color_RGB.png
valid/img/P1854.png	valid/label/P1854_instance_color_RGB.png
valid/img/P1860.png	valid/label/P1860_instance_color_RGB.png
valid/img/P1877.png	valid/label/P1877_instance_color_RGB.png
valid/img/P1878.png	valid/label/P1878_instance_color_RGB.png
valid/img/P1880.png	valid/label/P1880_instance_color_RGB.png
valid/img/P1888.png	valid/label/P1888_instance_color_RGB.png
valid/img/P1903.png	valid/label/P1903_instance_color_RGB.png
valid/img/P1904.png	valid/label/P1904_instance_color_RGB.png
valid/img/P1905.png	valid/label/P1905_instance_color_RGB.png
valid/img/P1911.png	valid/label/P1911_instance_color_RGB.png
valid/img/P1919.png	valid/label/P1919_instance_color_RGB.png
valid/img/P1924.png	valid/label/P1924_instance_color_RGB.png
valid/img/P1940.png	valid/label/P1940_instance_color_RGB.png
valid/img/P1950.png	valid/label/P1950_instance_color_RGB.png
valid/img/P1957.png	valid/label/P1957_instance_color_RGB.png
valid/img/P1958.png	valid/label/P1958_instance_color_RGB.png
valid/img/P1960.png	valid/label/P1960_instance_color_RGB.png
valid/img/P1973.png	valid/label/P1973_instance_color_RGB.png
valid/img/P1978.png	valid/label/P1978_instance_color_RGB.png
valid/img/P1982.png	valid/label/P1982_instance_color_RGB.png
valid/img/P1983.png	valid/label/P1983_instance_color_RGB.png
valid/img/P1992.png	valid/label/P1992_instance_color_RGB.png
valid/img/P1995.png	valid/label/P1995_instance_color_RGB.png
valid/img/P2003.png	valid/label/P2003_instance_color_RGB.png
valid/img/P2011.png	valid/label/P2011_instance_color_RGB.png
valid/img/P2012.png	valid/label/P2012_instance_color_RGB.png
valid/img/P2027.png	valid/label/P2027_instance_color_RGB.png
valid/img/P2042.png	valid/label/P2042_instance_color_RGB.png
valid/img/P2044.png	valid/label/P2044_instance_color_RGB.png
valid/img/P2050.png	valid/label/P2050_instance_color_RGB.png
valid/img/P2059.png	valid/label/P2059_instance_color_RGB.png
valid/img/P2068.png	valid/label/P2068_instance_color_RGB.png
valid/img/P2082.png	valid/label/P2082_instance_color_RGB.png
valid/img/P2085.png	valid/label/P2085_instance_color_RGB.png
valid/img/P2088.png	valid/label/P2088_instance_color_RGB.png
valid/img/P2093.png	valid/label/P2093_instance_color_RGB.png
valid/img/P2097.png	valid/label/P2097_instance_color_RGB.png
valid/img/P2098.png	valid/label/P2098_instance_color_RGB.png
valid/img/P2111.png	valid/label/P2111_instance_color_RGB.png
valid/img/P2121.png	valid/label/P2121_instance_color_RGB.png
valid/img/P2124.png	valid/label/P2124_instance_color_RGB.png
valid/img/P2126.png	valid/label/P2126_instance_color_RGB.png
valid/img/P2129.png	valid/label/P2129_instance_color_RGB.png
valid/img/P2135.png	valid/label/P2135_instance_color_RGB.png
valid/img/P2150.png	valid/label/P2150_instance_color_RGB.png
valid/img/P2152.png	valid/label/P2152_instance_color_RGB.png
valid/img/P2155.png	valid/label/P2155_instance_color_RGB.png
valid/img/P2166.png	valid/label/P2166_instance_color_RGB.png
valid/img/P2167.png	valid/label/P2167_instance_color_RGB.png
valid/img/P2168.png	valid/label/P2168_instance_color_RGB.png
valid/img/P2169.png	valid/label/P2169_instance_color_RGB.png
valid/img/P2181.png	valid/label/P2181_instance_color_RGB.png
valid/img/P2194.png	valid/label/P2194_instance_color_RGB.png
valid/img/P2197.png	valid/label/P2197_instance_color_RGB.png
valid/img/P2198.png	valid/label/P2198_instance_color_RGB.png
valid/img/P2214.png	valid/label/P2214_instance_color_RGB.png
valid/img/P2215.png	valid/label/P2215_instance_color_RGB.png
valid/img/P2218.png	valid/label/P2218_instance_color_RGB.png
valid/img/P2220.png	valid/label/P2220_instance_color_RGB.png
valid/img/P2230.png	valid/label/P2230_instance_color_RGB.png
valid/img/P2231.png	valid/label/P2231_instance_color_RGB.png
valid/img/P2236.png	valid/label/P2236_instance_color_RGB.png
valid/img/P2239.png	valid/label/P2239_instance_color_RGB.png
valid/img/P2241.png	valid/label/P2241_instance_color_RGB.png
valid/img/P2242.png	valid/label/P2242_instance_color_RGB.png
valid/img/P2255.png	valid/label/P2255_instance_color_RGB.png
valid/img/P2256.png	valid/label/P2256_instance_color_RGB.png
valid/img/P2271.png	valid/label/P2271_instance_color_RGB.png
valid/img/P2285.png	valid/label/P2285_instance_color_RGB.png
valid/img/P2286.png	valid/label/P2286_instance_color_RGB.png
valid/img/P2294.png	valid/label/P2294_instance_color_RGB.png
valid/img/P2310.png	valid/label/P2310_instance_color_RGB.png
valid/img/P2322.png	valid/label/P2322_instance_color_RGB.png
valid/img/P2330.png	valid/label/P2330_instance_color_RGB.png
valid/img/P2331.png	valid/label/P2331_instance_color_RGB.png
valid/img/P2337.png	valid/label/P2337_instance_color_RGB.png
valid/img/P2342.png	valid/label/P2342_instance_color_RGB.png
valid/img/P2351.png	valid/label/P2351_instance_color_RGB.png
valid/img/P2363.png	valid/label/P2363_instance_color_RGB.png
valid/img/P2365.png	valid/label/P2365_instance_color_RGB.png
valid/img/P2374.png	valid/label/P2374_instance_color_RGB.png
valid/img/P2375.png	valid/label/P2375_instance_color_RGB.png
valid/img/P2378.png	valid/label/P2378_instance_color_RGB.png
valid/img/P2385.png	valid/label/P2385_instance_color_RGB.png
valid/img/P2393.png	valid/label/P2393_instance_color_RGB.png
valid/img/P2394.png	valid/label/P2394_instance_color_RGB.png
valid/img/P2404.png	valid/label/P2404_instance_color_RGB.png
valid/img/P2408.png	valid/label/P2408_instance_color_RGB.png
valid/img/P2413.png	valid/label/P2413_instance_color_RGB.png
valid/img/P2420.png	valid/label/P2420_instance_color_RGB.png
valid/img/P2429.png	valid/label/P2429_instance_color_RGB.png
valid/img/P2446.png	valid/label/P2446_instance_color_RGB.png
valid/img/P2449.png	valid/label/P2449_instance_color_RGB.png
valid/img/P2450.png	valid/label/P2450_instance_color_RGB.png
valid/img/P2455.png	valid/label/P2455_instance_color_RGB.png
valid/img/P2462.png	valid/label/P2462_instance_color_RGB.png
valid/img/P2477.png	valid/label/P2477_instance_color_RGB.png
valid/img/P2478.png	valid/label/P2478_instance_color_RGB.png
valid/img/P2481.png	valid/label/P2481_instance_color_RGB.png
valid/img/P2488.png	valid/label/P2488_instance_color_RGB.png
valid/img/P2502.png	valid/label/P2502_instance_color_RGB.png
valid/img/P2504.png	valid/label/P2504_instance_color_RGB.png
valid/img/P2539.png	valid/label/P2539_instance_color_RGB.png
valid/img/P2541.png	valid/label/P2541_instance_color_RGB.png
valid/img/P2542.png	valid/label/P2542_instance_color_RGB.png
valid/img/P2547.png	valid/label/P2547_instance_color_RGB.png
valid/img/P2563.png	valid/label/P2563_instance_color_RGB.png
valid/img/P2570.png	valid/label/P2570_instance_color_RGB.png
valid/img/P2571.png	valid/label/P2571_instance_color_RGB.png
valid/img/P2577.png	valid/label/P2577_instance_color_RGB.png
valid/img/P2580.png	valid/label/P2580_instance_color_RGB.png
valid/img/P2582.png	valid/label/P2582_instance_color_RGB.png
valid/img/P2587.png	valid/label/P2587_instance_color_RGB.png
valid/img/P2592.png	valid/label/P2592_instance_color_RGB.png
valid/img/P2593.png	valid/label/P2593_instance_color_RGB.png
valid/img/P2595.png	valid/label/P2595_instance_color_RGB.png
valid/img/P2598.png	valid/label/P2598_instance_color_RGB.png
valid/img/P2599.png	valid/label/P2599_instance_color_RGB.png
valid/img/P2608.png	valid/label/P2608_instance_color_RGB.png
valid/img/P2610.png	valid/label/P2610_instance_color_RGB.png
valid/img/P2617.png	valid/label/P2617_instance_color_RGB.png
valid/img/P2625.png	valid/label/P2625_instance_color_RGB.png
valid/img/P2630.png	valid/label/P2630_instance_color_RGB.png
valid/img/P2645.png	valid/label/P2645_instance_color_RGB.png
valid/img/P2678.png	valid/label/P2678_instance_color_RGB.png
valid/img/P2689.png	valid/label/P2689_instance_color_RGB.png
valid/img/P2695.png	valid/label/P2695_instance_color_RGB.png
valid/img/P2701.png	valid/label/P2701_instance_color_RGB.png
valid/img/P2709.png	valid/label/P2709_instance_color_RGB.png
valid/img/P2714.png	valid/label/P2714_instance_color_RGB.png
valid/img/P2718.png	valid/label/P2718_instance_color_RGB.png
valid/img/P2721.png	valid/label/P2721_instance_color_RGB.png
valid/img/P2722.png	valid/label/P2722_instance_color_RGB.png
valid/img/P2724.png	valid/label/P2724_instance_color_RGB.png
valid/img/P2726.png	valid/label/P2726_instance_color_RGB.png
valid/img/P2733.png	valid/label/P2733_instance_color_RGB.png
valid/img/P2745.png	valid/label/P2745_instance_color_RGB.png
valid/img/P2754.png	valid/label/P2754_instance_color_RGB.png
valid/img/P2758.png	valid/label/P2758_instance_color_RGB.png
valid/img/P2766.png	valid/label/P2766_instance_color_RGB.png
valid/img/P2768.png	valid/label/P2768_instance_color_RGB.png
valid/img/P2771.png	valid/label/P2771_instance_color_RGB.png
valid/img/P2778.png	valid/label/P2778_instance_color_RGB.png
valid/img/P2779.png	valid/label/P2779_instance_color_RGB.png
valid/img/P2781.png	valid/label/P2781_instance_color_RGB.png
valid/img/P2789.png	valid/label/P2789_instance_color_RGB.png
valid/img/P2791.png	valid/label/P2791_instance_color_RGB.png
valid/img/P2794.png	valid/label/P2794_instance_color_RGB.png
valid/img/P2802.png	valid/label/P2802_instance_color_RGB.png